*** EVALUATION ***
PROGRAM "C:\Users\Julian\OneDrive\Desktop\Studium\CA\LAB\lab1\bin\Monitor.abs"

*********************************************************************************************
TARGET SECTION
---------------------------------------------------------------------------------------------
Processor   : Freescale HC12
Memory Model: SMALL
File Format : ELF\DWARF 2.0
Linker      : SmartLinker V-5.0.40 Build 10203, Jul 23 2010

*********************************************************************************************
FILE SECTION
---------------------------------------------------------------------------------------------
main.asm.o                              Model: SMALL,         Lang: Assembler
led.asm.o                               Model: SMALL,         Lang: Assembler
decToASCII.asm.o                        Model: SMALL,         Lang: Assembler
lcd.asm.o                               Model: SMALL,         Lang: Assembler
PWM.asm.o                               Model: SMALL,         Lang: Assembler
clock.asm.o                             Model: SMALL,         Lang: Assembler
buttons.asm.o                           Model: SMALL,         Lang: Assembler
ECT.asm.o                               Model: SMALL,         Lang: Assembler
eventHandler.asm.o                      Model: SMALL,         Lang: Assembler
helperFunctions.asm.o                   Model: SMALL,         Lang: Assembler
adc.asm.o                               Model: SMALL,         Lang: Assembler
thermo.asm.o                            Model: SMALL,         Lang: Assembler
signalDecoder.asm.o                     Model: SMALL,         Lang: Assembler

*********************************************************************************************
STARTUP SECTION
---------------------------------------------------------------------------------------------
Entry point: 0xC000 (Entry)

*********************************************************************************************
SECTION-ALLOCATION SECTION
Section Name                    Size  Type     From       To       Segment
---------------------------------------------------------------------------------------------
.init                           3377     R     0xC000     0xCD30   ROM_C000
.data                            147   R/W     0x1000     0x1092   RAM
main.asm__ORG00001                 2     R     0xFF8E     0xFF8F   .absSeg0
main.asm__ORG00002                 2     R     0xFFCA     0xFFCB   .absSeg1
main.asm__ORG00003                 2     R     0xFFCC     0xFFCD   .absSeg2
.const                            78     R     0xCD31     0xCD7E   ROM_C000
.stack                           256   R/W     0x1093     0x1192   RAM
.vectSeg3_vect                     2     R     0xFFFE     0xFFFF   .vectSeg3

Summary of section sizes per section type:
READ_ONLY (R):         D87 (dec:     3463)
READ_WRITE (R/W):      193 (dec:      403)

*********************************************************************************************
VECTOR-ALLOCATION SECTION
    Address     InitValue   InitFunction
---------------------------------------------------------------------------------------------
     0xFFFE        0xC000   Entry

*********************************************************************************************
OBJECT-ALLOCATION SECTION
     Name               Module                 Addr   hSize   dSize     Ref    Section   RLIB
---------------------------------------------------------------------------------------------
MODULE:                 -- main.asm.o --
- PROCEDURES:
     Entry                                     C000      22      34       0   .init       
     main                                      C000       0       0       0   .init       
     BUSY                                      C022       2       2       0   .init       
- VARIABLES:
     VAR00001                                  FF8E       2       2       0   .text       
     VAR00002                                  FFCA       2       2       0   .text       
     int25                                     FFCC       2       2       0   .text       
- LABELS:
     __SEG_END_SSTACK                          1193       0       0       1               
     PTH_PTH0                                     0       0       0       0   .text       
     PORTB                                        1       0       0       5   .text       
     DDRB                                         3       0       0       1   .text       
     TIOS                                        40       0       0       1   .text       
     TCNT                                        44       0       0       8   .text       
     TSCR1                                       46       0       0       1   .text       
     TCTL1                                       48       0       0       1   .text       
     TCTL2                                       49       0       0       1   .text       
     TCTL3                                       4A       0       0       1   .text       
     TCTL4                                       4B       0       0       1   .text       
     TIE                                         4C       0       0       1   .text       
     TSCR2                                       4D       0       0       1   .text       
     TFLG1                                       4E       0       0       8   .text       
     TC0                                         50       0       0       1   .text       
     TC1                                         52       0       0       1   .text       
     TC2                                         54       0       0       1   .text       
     TC3                                         56       0       0       1   .text       
     TC4                                         58       0       0       1   .text       
     TC5                                         5A       0       0       1   .text       
     TC6                                         5C       0       0       1   .text       
     TC7                                         5E       0       0       1   .text       
     MCCTL                                       66       0       0       1   .text       
     MCFLG                                       67       0       0       1   .text       
     MCCNT                                       76       0       0       1   .text       
     PWME                                        A0       0       0       1   .text       
     PWMPOL                                      A1       0       0       1   .text       
     PWMCLK                                      A2       0       0       1   .text       
     PWMPRCLK                                    A3       0       0       1   .text       
     PWMCAE                                      A4       0       0       1   .text       
     PWMCTL                                      A5       0       0       1   .text       
     PWMSCLA                                     A8       0       0       1   .text       
     PWMSCLB                                     A9       0       0       1   .text       
     PWMPER0                                     B4       0       0       1   .text       
     PWMPER1                                     B5       0       0       1   .text       
     PWMPER2                                     B6       0       0       0   .text       
     PWMPER4                                     B8       0       0       1   .text       
     PWMPER5                                     B9       0       0       1   .text       
     PWMDTY0                                     BC       0       0       1   .text       
     PWMDTY1                                     BD       0       0       1   .text       
     PWMDTY2                                     BE       0       0       0   .text       
     PWMDTY4                                     C0       0       0       1   .text       
     PWMDTY5                                     C1       0       0       1   .text       
     PTP                                        258       0       0       0   .text       
     DDRP                                       25A       0       0       1   .text       
     PPSP                                       25D       0       0       1   .text       
     PIEP                                       25E       0       0       1   .text       
     PIFP                                       25F       0       0       6   .text       
     PTH                                        260       0       0       6   .text       
     DDRH                                       262       0       0       0   .text       
     PERH                                       264       0       0       1   .text       
     PPSH                                       265       0       0      10   .text       
     PIEH                                       266       0       0       1   .text       
     PIFH                                       267       0       0       2   .text       
     PTJ                                        268       0       0       1   .text       
     DDRJ                                       26A       0       0       1   .text       
MODULE:                 -- led.asm.o --
- PROCEDURES:
     initLED                                   C024      13      19       1   .init       
     setLED                                    C037       4       4       0   .init       
     getLED                                    C03B       4       4       0   .init       
     toggleLED                                 C03F       7       7       2   .init       
- VARIABLES:
MODULE:                 -- decToASCII.asm.o --
- PROCEDURES:
     decToASCII                                C046       8       8      20   .init       
     startConversion                           C04E      45      69       0   .init       
     flipSign                                  C093       D      13       0   .init       
- VARIABLES:
MODULE:                 -- lcd.asm.o --
- PROCEDURES:
     initLCD                                   C0A0      1D      29       1   .init       
     inext1                                    C0BD      18      24       0   .init       
     inext2                                    C0D5       F      15       0   .init       
     writeLine                                 C0E4       F      15       3   .init       
     writeLine1                                C0F3       2       2       0   .init       
     wDo                                       C0F5       8       8       0   .init       
     next                                      C0FD       F      15       0   .init       
     wEnd                                      C10C       3       3       0   .init       
     fill_w_spaces                             C10F       C      12       0   .init       
     delay_10ms                                C11B       8       8       3   .init       
     delay_5ms                                 C123       8       8       3   .init       
     delay_50us                                C12B       8       8       2   .init       
     del1                                      C133       6       6       0   .init       
     sel_data                                  C139       4       4       1   .init       
     sel_inst                                  C13D       4       4       3   .init       
     outputByte                                C141      1D      29       5   .init       
     wrtpls                                    C15E      16      22       0   .init       
- VARIABLES:
     VAR00001                                  1000       1       1       3   .data       
     temp1                                     1001       1       1       0   .data       
     VAR00002                                  CD31       1       1       1   .const      
     VAR00003                                  CD32       1       1       0   .const      
     VAR00004                                  CD33       1       1       0   .const      
     VAR00005                                  CD34       1       1       1   .const      
     VAR00006                                  CD35       1       1       0   .const      
     VAR00007                                  CD36       1       1       0   .const      
     VAR00008                                  CD37       1       1       0   .const      
     VAR00009                                  CD38       1       1       0   .const      
MODULE:                 -- PWM.asm.o --
- PROCEDURES:
     setupPWM                                  C174      60      96       1   .init       
- VARIABLES:
MODULE:                 -- clock.asm.o --
- PROCEDURES:
     setClock                                  C1D4      15      21       0   .init       
     cancelTick                                C1E9       1       1       0   .init       
     tick                                      C1EA      11      17       1   .init       
     addSecond                                 C1FB       E      14       1   .init       
     addMinute                                 C209       E      14       0   .init       
     addHour                                   C217       E      14       0   .init       
     rollOverSecondsNormal                     C225       7       7       0   .init       
     rollOverMinutesNormal                     C22C       7       7       0   .init       
     rollOverHoursNormal                       C233       8       8       0   .init       
     setupText                                 C23B      11      17       0   .init       
     skipToMinutes                             C24C      29      41       4   .init       
     chooseFormat                              C275      14      20       3   .init       
     handle12HourFormat                        C289       B      11       0   .init       
     setAM                                     C294      1F      31       0   .init       
     continue12AM                              C2B3       D      13       0   .init       
     setPM                                     C2C0      1D      29       0   .init       
     continue12PM                              C2DD       F      15       0   .init       
     addHoursSet                               C2EC       E      14       1   .init       
     rollOverHours                             C2FA       7       7       0   .init       
     addMinutesSet                             C301       D      13       1   .init       
     rollOverMinutes                           C30E       7       7       0   .init       
     addSecondsSet                             C315       D      13       1   .init       
     rollOverSeconds                           C322       7       7       0   .init       
     displayNewTime                            C329       7       7       0   .init       
- VARIABLES:
     SECONDS                                   1002       1       1      11   .data       
     MINUTES                                   1003       1       1      10   .data       
     HOURS                                     1004       1       1      15   .data       
     Hour12Format                              1005       1       1       3   .data       
     OUTPUTSTRING                              1006       B      11      24   .data       
     ASCIIBuffer                               1011       7       7      12   .data       
MODULE:                 -- buttons.asm.o --
- PROCEDURES:
     initButtonState                           C330       B      11       0   .init       
     buttonHandleLab3                          C33B       A      10       1   .init       
     handleButton3                             C345       9       9       0   .init       
     evaluateButtons                           C34E      14      20       0   .init       
     continueEvalBT                            C362      2F      47       0   .init       
     notInSetMode                              C391       1       1       0   .init       
     handleBt1                                 C392       5       5       0   .init       
     handleBt2                                 C397       5       5       0   .init       
     handleBt3                                 C39C       5       5       0   .init       
     handleBt4                                 C3A1       5       5       0   .init       
     logicBT1                                  C3A6      29      41       1   .init       
     released1                                 C3CF      21      33       0   .init       
     logicBT2                                  C3F0      29      41       1   .init       
     released2                                 C419      17      23       0   .init       
     continueEval                              C430       1       1       0   .init       
     logicBT3                                  C431      29      41       1   .init       
     released3                                 C45A      17      23       0   .init       
     logicBT4                                  C471      29      41       1   .init       
     released4                                 C49A      17      23       0   .init       
- VARIABLES:
     buttonPressedEval                         1018       1       1      13   .data       
     buttonReleasedEval                        1019       1       1      17   .data       
     setMode                                   101A       1       1       4   .data       
     setModeTimerStarted                       101B       1       1       0   .data       
MODULE:                 -- ECT.asm.o --
- PROCEDURES:
     setupTimer                                C4B1      34      52       1   .init       
- VARIABLES:
MODULE:                 -- eventHandler.asm.o --
- PROCEDURES:
     handlePWMITR                              C4E5       5       5       1   .init       
     continueInterruptHandle                   C4EA       5       5       0   .init       
     continueInterruptHandle2                  C4EF       5       5       0   .init       
     continueInterruptHandle3                  C4F4       1       1       0   .init       
     handleClockTick                           C4F5       D      13       0   .init       
     swapNames                                 C502       7       7       0   .init       
     displayName                               C509       7       7       0   .init       
- VARIABLES:
MODULE:                 -- helperFunctions.asm.o --
- PROCEDURES:
     concat2StringsString1LeftBoundedString2RightBoundedForNiceDisplayIGuess       C510       5       5       3   .init       
     copySpaces                                C515      10      16       0   .init       
     start                                     C525       3       3       0   .init       
     moveFirstString                           C528       E      14       0   .init       
     startSecondString                         C536       3       3       0   .init       
     findEnd                                   C539       9       9       0   .init       
     copySecondString                          C542       7       7       0   .init       
     cpyLoop                                   C549       D      13       0   .init       
     finish                                    C556       1       1       0   .init       
     displayTemperatureAndTime                 C557      12      18       1   .init       
     displayTimeAndDate                        C569      7F     127       1   .init       
     displayAmericanJ                          C5E8       2       2       0   .init       
     displayString                             C5EA      23      35       1   .init       
     displayAmerican                           C60D      41      65       0   .init       
     continue123                               C64E      2D      45       0   .init       
     noYearRollover                            C67B      30      48       0   .init       
     continueAmericanJ                         C6AB       2       2       0   .init       
     day31Month                                C6AD       9       9       0   .init       
     day30Month                                C6B6       9       9       0   .init       
     february                                  C6BF      19      25       0   .init       
     schaltjahr                                C6D8       9       9       0   .init       
     continueAmerican                          C6E1       B      11       4   .init       
     setAM                                     C6EC      1F      31       0   .init       
     continue12AM                              C70B       D      13       0   .init       
     setPM                                     C718      1D      29       0   .init       
     continue12PM                              C735       F      15       0   .init       
     skipToMinutes                             C744      8D     141       4   .init       
- VARIABLES:
     LINE_BUFFER                               101C      11      17       6   .data       
     SECOND_STRING_ADR                         102D       2       2       3   .data       
     TIME_ZONE                                 102F       4       4       5   .data       
     DUMMY_TEMP                                1033       5       5       0   .data       
     ASCIIBuffer                               1038       8       8      22   .data       
     AMERICAN                                  1040       1       1       3   .data       
     AMERICAN_H                                1041       1       1       5   .data       
     AMERICAN_D                                1042       1       1       7   .data       
     AMERICAN_M                                1043       1       1       3   .data       
     AMERICAN_Y                                1044       1       1       4   .data       
     AMERICAN_DAY_OF_WEEK                      1045       1       1       4   .data       
     N2DE                                      CD39      15      21       1   .const      
     N2DD                                      CD4E       E      14       1   .const      
MODULE:                 -- adc.asm.o --
- PROCEDURES:
     initADC                                   C7D1      15      21       2   .init       
     convertADC                                C7E6       5       5       1   .init       
     wait1                                     C7EB      28      40       0   .init       
     formatString                              C813      1D      29       1   .init       
- VARIABLES:
     degree_string                             1046       7       7       2   .data       
MODULE:                 -- thermo.asm.o --
- PROCEDURES:
     initThermo                                C830       4       4       0   .init       
     updateThermo                              C834       D      13       0   .init       
- VARIABLES:
     temp                                      104D       7       7       4   .data       
MODULE:                 -- signalDecoder.asm.o --
- PROCEDURES:
     init_intervals                            C841      53      83       1   .init       
     validOne                                  C894       6       6       0   .init       
     validZero                                 C89A       6       6       0   .init       
     signalDecoderControl                      C8A0      1E      30       1   .init       
     testFunction                              C8BE      1C      28       1   .init       
     jmpDataBuffer                             C8DA       4       4       0   .init       
     evalWindow                                C8DE      25      37       0   .init       
     resetToDefault                            C903      25      37       1   .init       
     checkForStopBit                           C928      24      36       0   .init       
     returnFromStopBit                         C94C       1       1       0   .init       
     jmpResetInterval                          C94D       4       4       0   .init       
     returnFromDecoder                         C951      13      19       0   .init       
     checkDataBuffer                           C964      11      17       1   .init       
     count_loop                                C975       A      10       0   .init       
     continueDataBufferCheck                   C97F       C      12       0   .init       
     finished_counting                         C98B      1A      26       0   .init       
     pollSignal                                C9A5      10      16       1   .init       
     continue                                  C9B5       8       8       0   .init       
     startIntervals                            C9BD       E      14       0   .init       
     resetInterval                             C9CB       B      11       2   .init       
     putBit                                    C9D6      1B      27       2   .init       
     shift_loop                                C9F1       8       8       0   .init       
     continuePutting                           C9F9      13      19       0   .init       
     invalidBit                                CA0C       3       3       3   .init       
     evalBits                                  CA0F      16      22       2   .init       
     evalMinutes                               CA25      34      52       1   .init       
     validBitMinute                            CA59       C      12       0   .init       
     evalHours                                 CA65      2B      43       1   .init       
     validBitHours                             CA90       E      14       0   .init       
     checkDateParity                           CA9E      38      56       1   .init       
     validBit                                  CAD6       1       1       0   .init       
     countOnes                                 CAD7       8       8       4   .init       
     count1sLoop                               CADF      1A      26       0   .init       
     return                                    CAF9       1       1       0   .init       
     evalDays                                  CAFA       D      13       1   .init       
     evalDayOfWeek                             CB07       9       9       1   .init       
     evalYear                                  CB10       9       9       1   .init       
     putCorrectDateAndTime                     CB19      16      22       1   .init       
     convertMinutes                            CB2F       D      13       1   .init       
     cont4                                     CB3C       B      11       0   .init       
     cont5                                     CB47       B      11       0   .init       
     cont6                                     CB52       B      11       0   .init       
     cont7                                     CB5D       C      12       0   .init       
     cont1                                     CB69       C      12       0   .init       
     cont2                                     CB75       C      12       0   .init       
     cont3                                     CB81       4       4       0   .init       
     convertHours                              CB85       D      13       1   .init       
     cont4H                                    CB92       B      11       0   .init       
     cont5H                                    CB9D       B      11       0   .init       
     cont6H                                    CBA8       B      11       0   .init       
     cont7H                                    CBB3       B      11       0   .init       
     cont8H                                    CBBE       B      11       0   .init       
     cont9H                                    CBC9       4       4       0   .init       
     convertDays                               CBCD       D      13       1   .init       
     cont1d                                    CBDA       B      11       0   .init       
     cont2d                                    CBE5       B      11       0   .init       
     cont3d                                    CBF0       B      11       0   .init       
     cont4d                                    CBFB       B      11       0   .init       
     cont5d                                    CC06       B      11       0   .init       
     cont6d                                    CC11       4       4       0   .init       
     convertDayOfWeek                          CC15       D      13       1   .init       
     cont1dow                                  CC22       B      11       0   .init       
     cont2dow                                  CC2D       B      11       0   .init       
     cont3dow                                  CC38      28      40       0   .init       
     displayAmerican                           CC60      24      36       0   .init       
     convertMonth                              CC84       D      13       1   .init       
     cont1m                                    CC91       B      11       0   .init       
     cont2m                                    CC9C       B      11       0   .init       
     cont3m                                    CCA7       B      11       0   .init       
     cont4m                                    CCB2       B      11       0   .init       
     cont5m                                    CCBD       4       4       0   .init       
     convertYear                               CCC1       D      13       1   .init       
     cont1y                                    CCCE       B      11       0   .init       
     cont2y                                    CCD9       B      11       0   .init       
     cont3y                                    CCE4       B      11       0   .init       
     cont4y                                    CCEF       B      11       0   .init       
     cont5y                                    CCFA       B      11       0   .init       
     cont6y                                    CD05       B      11       0   .init       
     cont7y                                    CD10       B      11       0   .init       
     cont8y                                    CD1B       4       4       0   .init       
     setupOutput                               CD1F      12      18       1   .init       
- VARIABLES:
     HIGHS                                     1054       1       1       7   .data       
     TOTAL_POLLS                               1055       1       1       9   .data       
     STOP_BIT_FOUND                            1056       1       1       4   .data       
     WAIT_FOR_DATA                             1057       1       1       5   .data       
     DATA_BUFFER                               1058       2       2       8   .data       
     DATA_STREAM                               105A       8       8      26   .data       
     STREAM_POSITION                           1062       1       1       5   .data       
     VALID_MINUTES                             1063       1       1      10   .data       
     VALID_HOURS                               1064       1       1       9   .data       
     VALID_DAYS                                1065       1       1      11   .data       
     VALID_MONTH                               1066       1       1       5   .data       
     VALID_YEAR                                1067       1       1      13   .data       
     DAY_OF_WEEK                               1068       1       1       4   .data       
     DAY_OF_WEEK_AND_MONTH                     1069       1       1       9   .data       
     ASCIIBuffer                               106A       7       7       0   .data       
     TIME_STRING                               1071       B      11       0   .data       
     DATE_STRING                               107C       B      11      15   .data       
     DAY_STRING                                1087       5       5       5   .data       
     LOOP                                      108C       1       1       3   .data       
     TEMP                                      108D       1       1      10   .data       
     CONF_STOP                                 108E       1       1       3   .data       
     CONF_I0                                   108F       2       2       3   .data       
     CONF_I1                                   1091       2       2       3   .data       
     N2DE                                      CD5C      15      21       1   .const      
     N2DD                                      CD71       E      14       1   .const      

*********************************************************************************************
MODULE STATISTIC
  Name                                      Data   Code  Const
---------------------------------------------------------------------------------------------
  main.asm.o                                   0     36      6
  led.asm.o                                    0     34      0
  decToASCII.asm.o                             0     90      0
  lcd.asm.o                                    2    212      8
  PWM.asm.o                                    0     96      0
  clock.asm.o                                 22    348      0
  buttons.asm.o                                4    385      0
  ECT.asm.o                                    0     52      0
  eventHandler.asm.o                           0     43      0
  helperFunctions.asm.o                       42    705     35
  adc.asm.o                                    7     95      0
  thermo.asm.o                                 7     17      0
  signalDecoder.asm.o                         63   1264     35
  other                                      256      2      0

*********************************************************************************************
SECTION USE IN OBJECT-ALLOCATION SECTION
---------------------------------------------------------------------------------------------
SECTION: ".text"
  PTH_PTH0 PORTB DDRB TIOS TCNT TSCR1 TCTL1 TCTL2 TCTL3 TCTL4 TIE TSCR2 TFLG1 
  TC0 TC1 TC2 TC3 TC4 TC5 TC6 TC7 MCCTL MCFLG MCCNT PWME PWMPOL PWMCLK PWMPRCLK 
  PWMCAE PWMCTL PWMSCLA PWMSCLB PWMPER0 PWMPER1 PWMPER2 PWMPER4 PWMPER5 PWMDTY0 
  PWMDTY1 PWMDTY2 PWMDTY4 PWMDTY5 PTP DDRP PPSP PIEP PIFP PTH DDRH PERH PPSH 
  PIEH PIFH PTJ DDRJ VAR00001 VAR00002 int25 
SECTION: ".data"
  VAR00001 temp1 SECONDS MINUTES HOURS Hour12Format OUTPUTSTRING ASCIIBuffer 
  buttonPressedEval buttonReleasedEval setMode setModeTimerStarted LINE_BUFFER 
  SECOND_STRING_ADR TIME_ZONE DUMMY_TEMP ASCIIBuffer AMERICAN AMERICAN_H 
  AMERICAN_D AMERICAN_M AMERICAN_Y AMERICAN_DAY_OF_WEEK degree_string temp 
  HIGHS TOTAL_POLLS STOP_BIT_FOUND WAIT_FOR_DATA DATA_BUFFER DATA_STREAM 
  STREAM_POSITION VALID_MINUTES VALID_HOURS VALID_DAYS VALID_MONTH VALID_YEAR 
  DAY_OF_WEEK DAY_OF_WEEK_AND_MONTH ASCIIBuffer TIME_STRING DATE_STRING 
  DAY_STRING LOOP TEMP CONF_STOP CONF_I0 CONF_I1 
SECTION: ".init"
  main Entry BUSY initLED setLED getLED toggleLED decToASCII startConversion 
  flipSign initLCD inext1 inext2 writeLine writeLine1 wDo next wEnd 
  fill_w_spaces delay_10ms delay_5ms delay_50us del1 sel_data sel_inst 
  outputByte wrtpls setupPWM setClock cancelTick tick addSecond addMinute 
  addHour rollOverSecondsNormal rollOverMinutesNormal rollOverHoursNormal 
  setupText skipToMinutes chooseFormat handle12HourFormat setAM continue12AM 
  setPM continue12PM addHoursSet rollOverHours addMinutesSet rollOverMinutes 
  addSecondsSet rollOverSeconds displayNewTime initButtonState buttonHandleLab3 
  handleButton3 evaluateButtons continueEvalBT notInSetMode handleBt1 handleBt2 
  handleBt3 handleBt4 logicBT1 released1 logicBT2 released2 continueEval 
  logicBT3 released3 logicBT4 released4 setupTimer handlePWMITR 
  continueInterruptHandle continueInterruptHandle2 continueInterruptHandle3 
  handleClockTick swapNames displayName 
  concat2StringsString1LeftBoundedString2RightBoundedForNiceDisplayIGuess 
  copySpaces start moveFirstString startSecondString findEnd copySecondString 
  cpyLoop finish displayTemperatureAndTime displayTimeAndDate displayAmericanJ 
  displayString displayAmerican continue123 noYearRollover continueAmericanJ 
  day31Month day30Month february schaltjahr continueAmerican setAM continue12AM 
  setPM continue12PM skipToMinutes initADC convertADC wait1 formatString 
  initThermo updateThermo init_intervals validOne validZero 
  signalDecoderControl testFunction jmpDataBuffer evalWindow resetToDefault 
  checkForStopBit returnFromStopBit jmpResetInterval returnFromDecoder 
  checkDataBuffer count_loop continueDataBufferCheck finished_counting 
  pollSignal continue startIntervals resetInterval putBit shift_loop 
  continuePutting invalidBit evalBits evalMinutes validBitMinute evalHours 
  validBitHours checkDateParity validBit countOnes count1sLoop return evalDays 
  evalDayOfWeek evalYear putCorrectDateAndTime convertMinutes cont4 cont5 cont6 
  cont7 cont1 cont2 cont3 convertHours cont4H cont5H cont6H cont7H cont8H 
  cont9H convertDays cont1d cont2d cont3d cont4d cont5d cont6d convertDayOfWeek 
  cont1dow cont2dow cont3dow displayAmerican convertMonth cont1m cont2m cont3m 
  cont4m cont5m convertYear cont1y cont2y cont3y cont4y cont5y cont6y cont7y 
  cont8y setupOutput 
SECTION: ".const"
  VAR00002 VAR00003 VAR00004 VAR00005 VAR00006 VAR00007 VAR00008 VAR00009 N2DE 
  N2DD N2DE N2DD 

*********************************************************************************************
OBJECT LIST SORTED BY ADDRESS
     Name                                      Addr   hSize   dSize     Ref    Section   RLIB
---------------------------------------------------------------------------------------------
     PTH_PTH0                                     0       0       0       0   .text       
     PORTB                                        1       0       0       5   .text       
     DDRB                                         3       0       0       1   .text       
     TIOS                                        40       0       0       1   .text       
     TCNT                                        44       0       0       8   .text       
     TSCR1                                       46       0       0       1   .text       
     TCTL1                                       48       0       0       1   .text       
     TCTL2                                       49       0       0       1   .text       
     TCTL3                                       4A       0       0       1   .text       
     TCTL4                                       4B       0       0       1   .text       
     TIE                                         4C       0       0       1   .text       
     TSCR2                                       4D       0       0       1   .text       
     TFLG1                                       4E       0       0       8   .text       
     TC0                                         50       0       0       1   .text       
     TC1                                         52       0       0       1   .text       
     TC2                                         54       0       0       1   .text       
     TC3                                         56       0       0       1   .text       
     TC4                                         58       0       0       1   .text       
     TC5                                         5A       0       0       1   .text       
     TC6                                         5C       0       0       1   .text       
     TC7                                         5E       0       0       1   .text       
     MCCTL                                       66       0       0       1   .text       
     MCFLG                                       67       0       0       1   .text       
     MCCNT                                       76       0       0       1   .text       
     PWME                                        A0       0       0       1   .text       
     PWMPOL                                      A1       0       0       1   .text       
     PWMCLK                                      A2       0       0       1   .text       
     PWMPRCLK                                    A3       0       0       1   .text       
     PWMCAE                                      A4       0       0       1   .text       
     PWMCTL                                      A5       0       0       1   .text       
     PWMSCLA                                     A8       0       0       1   .text       
     PWMSCLB                                     A9       0       0       1   .text       
     PWMPER0                                     B4       0       0       1   .text       
     PWMPER1                                     B5       0       0       1   .text       
     PWMPER2                                     B6       0       0       0   .text       
     PWMPER4                                     B8       0       0       1   .text       
     PWMPER5                                     B9       0       0       1   .text       
     PWMDTY0                                     BC       0       0       1   .text       
     PWMDTY1                                     BD       0       0       1   .text       
     PWMDTY2                                     BE       0       0       0   .text       
     PWMDTY4                                     C0       0       0       1   .text       
     PWMDTY5                                     C1       0       0       1   .text       
     PTP                                        258       0       0       0   .text       
     DDRP                                       25A       0       0       1   .text       
     PPSP                                       25D       0       0       1   .text       
     PIEP                                       25E       0       0       1   .text       
     PIFP                                       25F       0       0       6   .text       
     PTH                                        260       0       0       6   .text       
     DDRH                                       262       0       0       0   .text       
     PERH                                       264       0       0       1   .text       
     PPSH                                       265       0       0      10   .text       
     PIEH                                       266       0       0       1   .text       
     PIFH                                       267       0       0       2   .text       
     PTJ                                        268       0       0       1   .text       
     DDRJ                                       26A       0       0       1   .text       
     VAR00001                                  1000       1       1       3   .data       
     temp1                                     1001       1       1       0   .data       
     SECONDS                                   1002       1       1      11   .data       
     MINUTES                                   1003       1       1      10   .data       
     HOURS                                     1004       1       1      15   .data       
     Hour12Format                              1005       1       1       3   .data       
     OUTPUTSTRING                              1006       B      11      24   .data       
     ASCIIBuffer                               1011       7       7      12   .data       
     buttonPressedEval                         1018       1       1      13   .data       
     buttonReleasedEval                        1019       1       1      17   .data       
     setMode                                   101A       1       1       4   .data       
     setModeTimerStarted                       101B       1       1       0   .data       
     LINE_BUFFER                               101C      11      17       6   .data       
     SECOND_STRING_ADR                         102D       2       2       3   .data       
     TIME_ZONE                                 102F       4       4       5   .data       
     DUMMY_TEMP                                1033       5       5       0   .data       
     ASCIIBuffer                               1038       8       8      22   .data       
     AMERICAN                                  1040       1       1       3   .data       
     AMERICAN_H                                1041       1       1       5   .data       
     AMERICAN_D                                1042       1       1       7   .data       
     AMERICAN_M                                1043       1       1       3   .data       
     AMERICAN_Y                                1044       1       1       4   .data       
     AMERICAN_DAY_OF_WEEK                      1045       1       1       4   .data       
     degree_string                             1046       7       7       2   .data       
     temp                                      104D       7       7       4   .data       
     HIGHS                                     1054       1       1       7   .data       
     TOTAL_POLLS                               1055       1       1       9   .data       
     STOP_BIT_FOUND                            1056       1       1       4   .data       
     WAIT_FOR_DATA                             1057       1       1       5   .data       
     DATA_BUFFER                               1058       2       2       8   .data       
     DATA_STREAM                               105A       8       8      26   .data       
     STREAM_POSITION                           1062       1       1       5   .data       
     VALID_MINUTES                             1063       1       1      10   .data       
     VALID_HOURS                               1064       1       1       9   .data       
     VALID_DAYS                                1065       1       1      11   .data       
     VALID_MONTH                               1066       1       1       5   .data       
     VALID_YEAR                                1067       1       1      13   .data       
     DAY_OF_WEEK                               1068       1       1       4   .data       
     DAY_OF_WEEK_AND_MONTH                     1069       1       1       9   .data       
     ASCIIBuffer                               106A       7       7       0   .data       
     TIME_STRING                               1071       B      11       0   .data       
     DATE_STRING                               107C       B      11      15   .data       
     DAY_STRING                                1087       5       5       5   .data       
     LOOP                                      108C       1       1       3   .data       
     TEMP                                      108D       1       1      10   .data       
     CONF_STOP                                 108E       1       1       3   .data       
     CONF_I0                                   108F       2       2       3   .data       
     CONF_I1                                   1091       2       2       3   .data       
     main                                      C000       0       0       0   .init       
     Entry                                     C000      22      34       0   .init       
     BUSY                                      C022       2       2       0   .init       
     initLED                                   C024      13      19       1   .init       
     setLED                                    C037       4       4       0   .init       
     getLED                                    C03B       4       4       0   .init       
     toggleLED                                 C03F       7       7       2   .init       
     decToASCII                                C046       8       8      20   .init       
     startConversion                           C04E      45      69       0   .init       
     flipSign                                  C093       D      13       0   .init       
     initLCD                                   C0A0      1D      29       1   .init       
     inext1                                    C0BD      18      24       0   .init       
     inext2                                    C0D5       F      15       0   .init       
     writeLine                                 C0E4       F      15       3   .init       
     writeLine1                                C0F3       2       2       0   .init       
     wDo                                       C0F5       8       8       0   .init       
     next                                      C0FD       F      15       0   .init       
     wEnd                                      C10C       3       3       0   .init       
     fill_w_spaces                             C10F       C      12       0   .init       
     delay_10ms                                C11B       8       8       3   .init       
     delay_5ms                                 C123       8       8       3   .init       
     delay_50us                                C12B       8       8       2   .init       
     del1                                      C133       6       6       0   .init       
     sel_data                                  C139       4       4       1   .init       
     sel_inst                                  C13D       4       4       3   .init       
     outputByte                                C141      1D      29       5   .init       
     wrtpls                                    C15E      16      22       0   .init       
     setupPWM                                  C174      60      96       1   .init       
     setClock                                  C1D4      15      21       0   .init       
     cancelTick                                C1E9       1       1       0   .init       
     tick                                      C1EA      11      17       1   .init       
     addSecond                                 C1FB       E      14       1   .init       
     addMinute                                 C209       E      14       0   .init       
     addHour                                   C217       E      14       0   .init       
     rollOverSecondsNormal                     C225       7       7       0   .init       
     rollOverMinutesNormal                     C22C       7       7       0   .init       
     rollOverHoursNormal                       C233       8       8       0   .init       
     setupText                                 C23B      11      17       0   .init       
     skipToMinutes                             C24C      29      41       4   .init       
     chooseFormat                              C275      14      20       3   .init       
     handle12HourFormat                        C289       B      11       0   .init       
     setAM                                     C294      1F      31       0   .init       
     continue12AM                              C2B3       D      13       0   .init       
     setPM                                     C2C0      1D      29       0   .init       
     continue12PM                              C2DD       F      15       0   .init       
     addHoursSet                               C2EC       E      14       1   .init       
     rollOverHours                             C2FA       7       7       0   .init       
     addMinutesSet                             C301       D      13       1   .init       
     rollOverMinutes                           C30E       7       7       0   .init       
     addSecondsSet                             C315       D      13       1   .init       
     rollOverSeconds                           C322       7       7       0   .init       
     displayNewTime                            C329       7       7       0   .init       
     initButtonState                           C330       B      11       0   .init       
     buttonHandleLab3                          C33B       A      10       1   .init       
     handleButton3                             C345       9       9       0   .init       
     evaluateButtons                           C34E      14      20       0   .init       
     continueEvalBT                            C362      2F      47       0   .init       
     notInSetMode                              C391       1       1       0   .init       
     handleBt1                                 C392       5       5       0   .init       
     handleBt2                                 C397       5       5       0   .init       
     handleBt3                                 C39C       5       5       0   .init       
     handleBt4                                 C3A1       5       5       0   .init       
     logicBT1                                  C3A6      29      41       1   .init       
     released1                                 C3CF      21      33       0   .init       
     logicBT2                                  C3F0      29      41       1   .init       
     released2                                 C419      17      23       0   .init       
     continueEval                              C430       1       1       0   .init       
     logicBT3                                  C431      29      41       1   .init       
     released3                                 C45A      17      23       0   .init       
     logicBT4                                  C471      29      41       1   .init       
     released4                                 C49A      17      23       0   .init       
     setupTimer                                C4B1      34      52       1   .init       
     handlePWMITR                              C4E5       5       5       1   .init       
     continueInterruptHandle                   C4EA       5       5       0   .init       
     continueInterruptHandle2                  C4EF       5       5       0   .init       
     continueInterruptHandle3                  C4F4       1       1       0   .init       
     handleClockTick                           C4F5       D      13       0   .init       
     swapNames                                 C502       7       7       0   .init       
     displayName                               C509       7       7       0   .init       
     concat2StringsString1LeftBoundedString2RightBoundedForNiceDisplayIGuess       C510       5       5       3   .init       
     copySpaces                                C515      10      16       0   .init       
     start                                     C525       3       3       0   .init       
     moveFirstString                           C528       E      14       0   .init       
     startSecondString                         C536       3       3       0   .init       
     findEnd                                   C539       9       9       0   .init       
     copySecondString                          C542       7       7       0   .init       
     cpyLoop                                   C549       D      13       0   .init       
     finish                                    C556       1       1       0   .init       
     displayTemperatureAndTime                 C557      12      18       1   .init       
     displayTimeAndDate                        C569      7F     127       1   .init       
     displayAmericanJ                          C5E8       2       2       0   .init       
     displayString                             C5EA      23      35       1   .init       
     displayAmerican                           C60D      41      65       0   .init       
     continue123                               C64E      2D      45       0   .init       
     noYearRollover                            C67B      30      48       0   .init       
     continueAmericanJ                         C6AB       2       2       0   .init       
     day31Month                                C6AD       9       9       0   .init       
     day30Month                                C6B6       9       9       0   .init       
     february                                  C6BF      19      25       0   .init       
     schaltjahr                                C6D8       9       9       0   .init       
     continueAmerican                          C6E1       B      11       4   .init       
     setAM                                     C6EC      1F      31       0   .init       
     continue12AM                              C70B       D      13       0   .init       
     setPM                                     C718      1D      29       0   .init       
     continue12PM                              C735       F      15       0   .init       
     skipToMinutes                             C744      8D     141       4   .init       
     initADC                                   C7D1      15      21       2   .init       
     convertADC                                C7E6       5       5       1   .init       
     wait1                                     C7EB      28      40       0   .init       
     formatString                              C813      1D      29       1   .init       
     initThermo                                C830       4       4       0   .init       
     updateThermo                              C834       D      13       0   .init       
     init_intervals                            C841      53      83       1   .init       
     validOne                                  C894       6       6       0   .init       
     validZero                                 C89A       6       6       0   .init       
     signalDecoderControl                      C8A0      1E      30       1   .init       
     testFunction                              C8BE      1C      28       1   .init       
     jmpDataBuffer                             C8DA       4       4       0   .init       
     evalWindow                                C8DE      25      37       0   .init       
     resetToDefault                            C903      25      37       1   .init       
     checkForStopBit                           C928      24      36       0   .init       
     returnFromStopBit                         C94C       1       1       0   .init       
     jmpResetInterval                          C94D       4       4       0   .init       
     returnFromDecoder                         C951      13      19       0   .init       
     checkDataBuffer                           C964      11      17       1   .init       
     count_loop                                C975       A      10       0   .init       
     continueDataBufferCheck                   C97F       C      12       0   .init       
     finished_counting                         C98B      1A      26       0   .init       
     pollSignal                                C9A5      10      16       1   .init       
     continue                                  C9B5       8       8       0   .init       
     startIntervals                            C9BD       E      14       0   .init       
     resetInterval                             C9CB       B      11       2   .init       
     putBit                                    C9D6      1B      27       2   .init       
     shift_loop                                C9F1       8       8       0   .init       
     continuePutting                           C9F9      13      19       0   .init       
     invalidBit                                CA0C       3       3       3   .init       
     evalBits                                  CA0F      16      22       2   .init       
     evalMinutes                               CA25      34      52       1   .init       
     validBitMinute                            CA59       C      12       0   .init       
     evalHours                                 CA65      2B      43       1   .init       
     validBitHours                             CA90       E      14       0   .init       
     checkDateParity                           CA9E      38      56       1   .init       
     validBit                                  CAD6       1       1       0   .init       
     countOnes                                 CAD7       8       8       4   .init       
     count1sLoop                               CADF      1A      26       0   .init       
     return                                    CAF9       1       1       0   .init       
     evalDays                                  CAFA       D      13       1   .init       
     evalDayOfWeek                             CB07       9       9       1   .init       
     evalYear                                  CB10       9       9       1   .init       
     putCorrectDateAndTime                     CB19      16      22       1   .init       
     convertMinutes                            CB2F       D      13       1   .init       
     cont4                                     CB3C       B      11       0   .init       
     cont5                                     CB47       B      11       0   .init       
     cont6                                     CB52       B      11       0   .init       
     cont7                                     CB5D       C      12       0   .init       
     cont1                                     CB69       C      12       0   .init       
     cont2                                     CB75       C      12       0   .init       
     cont3                                     CB81       4       4       0   .init       
     convertHours                              CB85       D      13       1   .init       
     cont4H                                    CB92       B      11       0   .init       
     cont5H                                    CB9D       B      11       0   .init       
     cont6H                                    CBA8       B      11       0   .init       
     cont7H                                    CBB3       B      11       0   .init       
     cont8H                                    CBBE       B      11       0   .init       
     cont9H                                    CBC9       4       4       0   .init       
     convertDays                               CBCD       D      13       1   .init       
     cont1d                                    CBDA       B      11       0   .init       
     cont2d                                    CBE5       B      11       0   .init       
     cont3d                                    CBF0       B      11       0   .init       
     cont4d                                    CBFB       B      11       0   .init       
     cont5d                                    CC06       B      11       0   .init       
     cont6d                                    CC11       4       4       0   .init       
     convertDayOfWeek                          CC15       D      13       1   .init       
     cont1dow                                  CC22       B      11       0   .init       
     cont2dow                                  CC2D       B      11       0   .init       
     cont3dow                                  CC38      28      40       0   .init       
     displayAmerican                           CC60      24      36       0   .init       
     convertMonth                              CC84       D      13       1   .init       
     cont1m                                    CC91       B      11       0   .init       
     cont2m                                    CC9C       B      11       0   .init       
     cont3m                                    CCA7       B      11       0   .init       
     cont4m                                    CCB2       B      11       0   .init       
     cont5m                                    CCBD       4       4       0   .init       
     convertYear                               CCC1       D      13       1   .init       
     cont1y                                    CCCE       B      11       0   .init       
     cont2y                                    CCD9       B      11       0   .init       
     cont3y                                    CCE4       B      11       0   .init       
     cont4y                                    CCEF       B      11       0   .init       
     cont5y                                    CCFA       B      11       0   .init       
     cont6y                                    CD05       B      11       0   .init       
     cont7y                                    CD10       B      11       0   .init       
     cont8y                                    CD1B       4       4       0   .init       
     setupOutput                               CD1F      12      18       1   .init       
     VAR00002                                  CD31       1       1       1   .const      
     VAR00003                                  CD32       1       1       0   .const      
     VAR00004                                  CD33       1       1       0   .const      
     VAR00005                                  CD34       1       1       1   .const      
     VAR00006                                  CD35       1       1       0   .const      
     VAR00007                                  CD36       1       1       0   .const      
     VAR00008                                  CD37       1       1       0   .const      
     VAR00009                                  CD38       1       1       0   .const      
     N2DE                                      CD39      15      21       1   .const      
     N2DD                                      CD4E       E      14       1   .const      
     N2DE                                      CD5C      15      21       1   .const      
     N2DD                                      CD71       E      14       1   .const      
     VAR00001                                  FF8E       2       2       0   .text       
     VAR00002                                  FFCA       2       2       0   .text       
     int25                                     FFCC       2       2       0   .text       

*********************************************************************************************
UNUSED-OBJECTS SECTION
---------------------------------------------------------------------------------------------
NOT USED VARIABLES
PWM.asm.o:
  MAGIC_NUMBER_1 MAGIC_NUMBER_2 MAGIC_NUMBER_PWMDTY1 
eventHandler.asm.o:
  FRAME_BUFFER 

*********************************************************************************************
COPYDOWN SECTION
---------------------------------------------------------------------------------------------

*********************************************************************************************
OBJECT-DEPENDENCIES SECTION
---------------------------------------------------------------------------------------------
Entry                     USES __SEG_END_SSTACK delay_10ms init_intervals 
                                initLED initLCD initADC testFunction setupPWM 
                                setupTimer 
initLED                   USES DDRJ PTJ DDRB PORTB 
setLED                    USES PORTB 
getLED                    USES PORTB 
toggleLED                 USES PORTB 
initLCD                   USES delay_10ms VAR00002 VAR00001 sel_inst 
inext1                    USES outputByte delay_5ms VAR00005 VAR00001 sel_inst 
inext2                    USES outputByte delay_5ms 
writeLine                 USES sel_inst 
wDo                       USES outputByte sel_data 
next                      USES outputByte 
fill_w_spaces             USES outputByte 
outputByte                USES delay_50us VAR00001 delay_5ms 
wrtpls                    USES delay_50us 
setupPWM                  USES DDRP PIEP PPSP PWMPOL PWMCLK PWMPRCLK PWMCAE 
                                PWMCTL PWMSCLA PWMSCLB PWMPER0 PWMPER1 PWMDTY0 
                                PWMDTY1 PWMPER4 PWMPER5 PWMDTY4 PWMDTY5 PWME 
setClock                  USES SECONDS MINUTES HOURS Hour12Format 
tick                      USES setMode toggleLED addSecond chooseFormat 
addSecond                 USES SECONDS 
addMinute                 USES MINUTES 
addHour                   USES HOURS 
rollOverSecondsNormal     USES SECONDS 
rollOverMinutesNormal     USES MINUTES 
rollOverHoursNormal       USES HOURS 
setupText                 USES ASCIIBuffer HOURS decToASCII OUTPUTSTRING 
skipToMinutes             USES ASCIIBuffer MINUTES decToASCII OUTPUTSTRING 
                                SECONDS 
chooseFormat              USES Hour12Format OUTPUTSTRING 
handle12HourFormat        USES HOURS 
setAM                     USES OUTPUTSTRING HOURS ASCIIBuffer decToASCII 
                                skipToMinutes 
continue12AM              USES decToASCII ASCIIBuffer OUTPUTSTRING 
                                skipToMinutes 
setPM                     USES OUTPUTSTRING HOURS ASCIIBuffer decToASCII 
                                skipToMinutes 
continue12PM              USES decToASCII ASCIIBuffer OUTPUTSTRING 
                                skipToMinutes 
addHoursSet               USES HOURS 
rollOverHours             USES HOURS 
addMinutesSet             USES MINUTES 
rollOverMinutes           USES MINUTES 
addSecondsSet             USES SECONDS 
rollOverSeconds           USES SECONDS 
displayNewTime            USES chooseFormat displayTemperatureAndTime 
initButtonState           USES PIEH PERH 
buttonHandleLab3          USES PTH 
handleButton3             USES AMERICAN 
evaluateButtons           USES PIFH PPSH buttonPressedEval buttonReleasedEval 
continueEvalBT            USES buttonPressedEval buttonReleasedEval setMode 
handleBt1                 USES logicBT1 
handleBt2                 USES logicBT2 
handleBt3                 USES logicBT3 
handleBt4                 USES logicBT4 
logicBT1                  USES PPSH buttonReleasedEval buttonPressedEval TCNT 
                                TC1 TC0 
released1                 USES buttonReleasedEval TFLG1 setMode toggleLED 
logicBT2                  USES PPSH buttonReleasedEval buttonPressedEval TCNT 
                                TC3 TC2 
released2                 USES buttonReleasedEval TFLG1 addSecondsSet 
logicBT3                  USES PPSH buttonReleasedEval buttonPressedEval TCNT 
                                TC5 TC4 
released3                 USES buttonReleasedEval TFLG1 addMinutesSet 
logicBT4                  USES PPSH buttonReleasedEval buttonPressedEval TCNT 
                                TC7 TC6 
released4                 USES buttonReleasedEval TFLG1 addHoursSet 
setupTimer                USES TIE TIOS TSCR1 TCTL1 TCTL2 TCTL3 TCTL4 TSCR2 
                                MCCTL MCCNT 
handlePWMITR              USES PIFP 
continueInterruptHandle   USES PIFP 
continueInterruptHandle2  USES PIFP 
handleClockTick           USES PIFP tick displayTimeAndDate 
swapNames                 USES PIFP 
displayName               USES PIFP 
concat2StringsString1LeftBoundedString2RightBoundedForNiceDisplayIGuess USES 
                                SECOND_STRING_ADR 
copySpaces                USES LINE_BUFFER 
start                     USES LINE_BUFFER 
startSecondString         USES SECOND_STRING_ADR 
copySecondString          USES LINE_BUFFER 
cpyLoop                   USES SECOND_STRING_ADR 
displayTemperatureAndTime USES OUTPUTSTRING temp 
                                concat2StringsString1LeftBoundedString2RightBoundedForNiceDisplayIGuess LINE_BUFFER writeLine 
displayTimeAndDate        USES PTH TIME_ZONE Hour12Format chooseFormat 
                                ASCIIBuffer VALID_DAYS decToASCII DATE_STRING VALID_MONTH 
                                VALID_YEAR DAY_OF_WEEK DAY_STRING N2DD 
displayString             USES DAY_STRING DATE_STRING 
                                concat2StringsString1LeftBoundedString2RightBoundedForNiceDisplayIGuess LINE_BUFFER writeLine TIME_ZONE OUTPUTSTRING 
displayAmerican           USES TIME_ZONE HOURS AMERICAN_H VALID_DAYS 
                                AMERICAN_D VALID_MONTH AMERICAN_M VALID_YEAR AMERICAN_Y 
                                DAY_OF_WEEK AMERICAN_DAY_OF_WEEK 
continue123               USES HOURS AMERICAN_H VALID_DAYS VALID_MONTH 
                                VALID_YEAR AMERICAN_Y AMERICAN_M AMERICAN_D 
noYearRollover            USES VALID_MONTH 
day31Month                USES AMERICAN_D continueAmerican 
day30Month                USES AMERICAN_D continueAmerican 
february                  USES AMERICAN_Y AMERICAN_D continueAmerican 
schaltjahr                USES AMERICAN_D continueAmerican 
continueAmerican          USES AMERICAN_H 
setAM                     USES OUTPUTSTRING AMERICAN_H ASCIIBuffer decToASCII 
                                skipToMinutes 
continue12AM              USES decToASCII ASCIIBuffer OUTPUTSTRING 
                                skipToMinutes 
setPM                     USES OUTPUTSTRING AMERICAN_H ASCIIBuffer decToASCII 
                                skipToMinutes 
continue12PM              USES decToASCII ASCIIBuffer OUTPUTSTRING 
                                skipToMinutes 
skipToMinutes             USES ASCIIBuffer MINUTES decToASCII OUTPUTSTRING 
                                SECONDS AMERICAN_M DATE_STRING AMERICAN_D AMERICAN_Y 
                                AMERICAN_DAY_OF_WEEK N2DE DAY_STRING displayString 
initADC                   USES temp 
wait1                     USES degree_string decToASCII temp formatString 
initThermo                USES initADC 
updateThermo              USES temp convertADC 
init_intervals            USES CONF_STOP CONF_I0 CONF_I1 DATA_BUFFER HIGHS 
                                TOTAL_POLLS STOP_BIT_FOUND WAIT_FOR_DATA STREAM_POSITION 
                                DATA_STREAM SECONDS AMERICAN 
validOne                  USES putBit 
validZero                 USES putBit 
signalDecoderControl      USES MCFLG pollSignal STOP_BIT_FOUND WAIT_FOR_DATA 
                                TOTAL_POLLS 
testFunction              USES DATA_STREAM evalBits 
jmpDataBuffer             USES checkDataBuffer 
evalWindow                USES HIGHS CONF_I1 CONF_I0 CONF_STOP WAIT_FOR_DATA 
                                evalBits 
resetToDefault            USES STOP_BIT_FOUND DATA_STREAM STREAM_POSITION 
                                resetInterval 
checkForStopBit           USES TOTAL_POLLS HIGHS CONF_STOP STOP_BIT_FOUND 
                                WAIT_FOR_DATA DATA_BUFFER 
jmpResetInterval          USES resetInterval 
returnFromDecoder         USES DATA_BUFFER PTH 
checkDataBuffer           USES TOTAL_POLLS DATA_BUFFER 
count_loop                USES DATA_BUFFER 
finished_counting         USES DATA_BUFFER PTH 
pollSignal                USES PTH HIGHS 
continue                  USES TOTAL_POLLS 
startIntervals            USES HIGHS TOTAL_POLLS WAIT_FOR_DATA 
resetInterval             USES HIGHS TOTAL_POLLS 
putBit                    USES TEMP STREAM_POSITION DATA_STREAM 
continuePutting           USES STREAM_POSITION 
invalidBit                USES resetToDefault 
evalBits                  USES checkDateParity evalMinutes evalHours evalDays 
                                evalDayOfWeek evalYear putCorrectDateAndTime 
evalMinutes               USES DATA_STREAM countOnes TEMP invalidBit 
validBitMinute            USES DATA_STREAM VALID_MINUTES 
evalHours                 USES DATA_STREAM countOnes TEMP invalidBit 
validBitHours             USES DATA_STREAM VALID_HOURS 
checkDateParity           USES DATA_STREAM countOnes TEMP invalidBit 
countOnes                 USES LOOP 
count1sLoop               USES LOOP 
evalDays                  USES DATA_STREAM VALID_DAYS 
evalDayOfWeek             USES DATA_STREAM DAY_OF_WEEK_AND_MONTH 
evalYear                  USES DATA_STREAM VALID_YEAR 
putCorrectDateAndTime     USES convertMinutes convertHours convertDays 
                                convertDayOfWeek convertMonth convertYear setupOutput 
convertMinutes            USES VALID_MINUTES 
cont4                     USES VALID_MINUTES 
cont5                     USES VALID_MINUTES 
cont6                     USES VALID_MINUTES 
cont7                     USES VALID_MINUTES 
cont1                     USES VALID_MINUTES 
cont2                     USES VALID_MINUTES 
cont3                     USES VALID_MINUTES 
convertHours              USES VALID_HOURS 
cont4H                    USES VALID_HOURS 
cont5H                    USES VALID_HOURS 
cont6H                    USES VALID_HOURS 
cont7H                    USES VALID_HOURS 
cont8H                    USES VALID_HOURS 
cont9H                    USES VALID_HOURS 
convertDays               USES VALID_DAYS 
cont1d                    USES VALID_DAYS 
cont2d                    USES VALID_DAYS 
cont3d                    USES VALID_DAYS 
cont4d                    USES VALID_DAYS 
cont5d                    USES VALID_DAYS 
cont6d                    USES VALID_DAYS 
convertDayOfWeek          USES DAY_OF_WEEK_AND_MONTH 
cont1dow                  USES DAY_OF_WEEK_AND_MONTH 
cont2dow                  USES DAY_OF_WEEK_AND_MONTH 
cont3dow                  USES DAY_OF_WEEK PTH DAY_STRING N2DD 
displayAmerican           USES N2DE DAY_STRING 
convertMonth              USES DAY_OF_WEEK_AND_MONTH 
cont1m                    USES DAY_OF_WEEK_AND_MONTH 
cont2m                    USES DAY_OF_WEEK_AND_MONTH 
cont3m                    USES DAY_OF_WEEK_AND_MONTH 
cont4m                    USES DAY_OF_WEEK_AND_MONTH 
cont5m                    USES VALID_MONTH 
convertYear               USES VALID_YEAR 
cont1y                    USES VALID_YEAR 
cont2y                    USES VALID_YEAR 
cont3y                    USES VALID_YEAR 
cont4y                    USES VALID_YEAR 
cont5y                    USES VALID_YEAR 
cont6y                    USES VALID_YEAR 
cont7y                    USES VALID_YEAR 
cont8y                    USES VALID_YEAR 
setupOutput               USES VALID_MINUTES MINUTES VALID_HOURS HOURS SECONDS 

*********************************************************************************************
DEPENDENCY TREE
*********************************************************************************************
 main and _Startup Group
 | 
 +- main                
 |    
 +- Entry               
    | 
    +- delay_10ms          
    |    
    +- init_intervals      
    |    
    +- initLED             
    |    
    +- initLCD             
    |  | 
    |  +- delay_10ms           (see above)
    |  |  
    |  +- sel_inst            
    |       
    +- initADC             
    |    
    +- testFunction        
    |  | 
    |  +- evalBits            
    |     | 
    |     +- checkDateParity     
    |     |  | 
    |     |  +- countOnes           
    |     |  |    
    |     |  +- invalidBit          
    |     |     | 
    |     |     +- resetToDefault      
    |     |        | 
    |     |        +- resetInterval       
    |     |             
    |     +- evalMinutes         
    |     |  | 
    |     |  +- countOnes            (see above)
    |     |  |  
    |     |  +- invalidBit           (see above)
    |     |     
    |     +- evalHours           
    |     |  | 
    |     |  +- countOnes            (see above)
    |     |  |  
    |     |  +- invalidBit           (see above)
    |     |     
    |     +- evalDays            
    |     |    
    |     +- evalDayOfWeek       
    |     |    
    |     +- evalYear            
    |     |    
    |     +- putCorrectDateAndTime
    |        | 
    |        +- convertMinutes      
    |        |    
    |        +- convertHours        
    |        |    
    |        +- convertDays         
    |        |    
    |        +- convertDayOfWeek    
    |        |    
    |        +- convertMonth        
    |        |    
    |        +- convertYear         
    |        |    
    |        +- setupOutput         
    |             
    +- setupPWM            
    |    
    +- setupTimer          
         
 _ORG00001           
 | 
 +- handlePWMITR        
      
 _ORG00002           
 | 
 +- signalDecoderControl
    | 
    +- pollSignal          
         
 _ORG00003           
 | 
 +- buttonHandleLab3    
      
*********************************************************************************************
STATISTIC SECTION
---------------------------------------------------------------------------------------------

ExeFile:
--------
Number of blocks to be downloaded: 6
Total size of all blocks to be downloaded: 3463

