*** EVALUATION ***
PROGRAM "C:\Users\Julian\OneDrive\Desktop\Studium\CA\LAB\lab1\bin\Simulator.abs"

*********************************************************************************************
TARGET SECTION
---------------------------------------------------------------------------------------------
Processor   : Freescale HC12
Memory Model: SMALL
File Format : ELF\DWARF 2.0
Linker      : SmartLinker V-5.0.40 Build 10203, Jul 23 2010

*********************************************************************************************
FILE SECTION
---------------------------------------------------------------------------------------------
main.asm.o                              Model: SMALL,         Lang: Assembler
led.asm.o                               Model: SMALL,         Lang: Assembler
decToASCII.asm.o                        Model: SMALL,         Lang: Assembler
lcd.asm.o                               Model: SMALL,         Lang: Assembler
PWM.asm.o                               Model: SMALL,         Lang: Assembler
clock.asm.o                             Model: SMALL,         Lang: Assembler
buttons.asm.o                           Model: SMALL,         Lang: Assembler
eventHandler.asm.o                      Model: SMALL,         Lang: Assembler

*********************************************************************************************
STARTUP SECTION
---------------------------------------------------------------------------------------------
Entry point: 0xC000 (Entry)

*********************************************************************************************
SECTION-ALLOCATION SECTION
Section Name                    Size  Type     From       To       Segment
---------------------------------------------------------------------------------------------
.init                            874     R     0xC000     0xC369   ROM_C000
.data                             26   R/W     0x1000     0x1019   RAM
main.asm__ORG00001                 2     R     0xFF8E     0xFF8F   .absSeg0
main.asm__ORG00002                 2     R     0xFFCC     0xFFCD   .absSeg1
.const                             9     R     0xC36A     0xC372   ROM_C000
.stack                           256   R/W     0x101A     0x1119   RAM
.vectSeg2_vect                     2     R     0xFFFE     0xFFFF   .vectSeg2

Summary of section sizes per section type:
READ_ONLY (R):         379 (dec:      889)
READ_WRITE (R/W):      11A (dec:      282)

*********************************************************************************************
VECTOR-ALLOCATION SECTION
    Address     InitValue   InitFunction
---------------------------------------------------------------------------------------------
     0xFFFE        0xC000   Entry

*********************************************************************************************
OBJECT-ALLOCATION SECTION
     Name               Module                 Addr   hSize   dSize     Ref    Section   RLIB
---------------------------------------------------------------------------------------------
MODULE:                 -- main.asm.o --
- PROCEDURES:
     Entry                                     C000      28      40       0   .init       
     main                                      C000       0       0       0   .init       
     BUSY                                      C028       2       2       0   .init       
- VARIABLES:
     VAR00001                                  FF8E       2       2       0   .text       
     VAR00002                                  FFCC       2       2       0   .text       
- LABELS:
     __SEG_END_SSTACK                          111A       0       0       1               
     PORTB                                        1       0       0       5   .text       
     DDRB                                         3       0       0       1   .text       
     TIOS                                        40       0       0       0   .text       
     TCNT                                        44       0       0       1   .text       
     TSCR1                                       46       0       0       0   .text       
     TCTL1                                       48       0       0       0   .text       
     TCTL2                                       49       0       0       0   .text       
     TSCR2                                       4D       0       0       0   .text       
     TFLG1                                       4E       0       0       2   .text       
     TC0                                         50       0       0       1   .text       
     TC1                                         52       0       0       0   .text       
     PWME                                        A0       0       0       1   .text       
     PWMPOL                                      A1       0       0       1   .text       
     PWMCLK                                      A2       0       0       1   .text       
     PWMPRCLK                                    A3       0       0       1   .text       
     PWMCAE                                      A4       0       0       1   .text       
     PWMCTL                                      A5       0       0       1   .text       
     PWMSCLA                                     A8       0       0       1   .text       
     PWMSCLB                                     A9       0       0       1   .text       
     PWMPER0                                     B4       0       0       1   .text       
     PWMPER1                                     B5       0       0       1   .text       
     PWMPER4                                     B8       0       0       1   .text       
     PWMPER5                                     B9       0       0       1   .text       
     PWMDTY0                                     BC       0       0       1   .text       
     PWMDTY1                                     BD       0       0       1   .text       
     PWMDTY4                                     C0       0       0       1   .text       
     PWMDTY5                                     C1       0       0       1   .text       
     PTP                                        258       0       0       0   .text       
     DDRP                                       25A       0       0       1   .text       
     PPSP                                       25D       0       0       1   .text       
     PIEP                                       25E       0       0       1   .text       
     PIFP                                       25F       0       0       4   .text       
     PPSH                                       265       0       0      11   .text       
     PIFH                                       267       0       0       3   .text       
     PTJ                                        268       0       0       1   .text       
     DDRJ                                       26A       0       0       1   .text       
MODULE:                 -- led.asm.o --
- PROCEDURES:
     initLED                                   C02A      13      19       1   .init       
     setLED                                    C03D       4       4       0   .init       
     getLED                                    C041       4       4       0   .init       
     toggleLED                                 C045       7       7       1   .init       
- VARIABLES:
MODULE:                 -- decToASCII.asm.o --
- PROCEDURES:
     decToASCII                                C04C       8       8       7   .init       
     startConversion                           C054      45      69       0   .init       
     flipSign                                  C099       D      13       0   .init       
- VARIABLES:
MODULE:                 -- lcd.asm.o --
- PROCEDURES:
     initLCD                                   C0A6      27      39       1   .init       
     inext1                                    C0CD      18      24       0   .init       
     inext2                                    C0E5       F      15       0   .init       
     writeLine                                 C0F4       F      15       0   .init       
     writeLine1                                C103       2       2       0   .init       
     wDo                                       C105       8       8       0   .init       
     next                                      C10D       F      15       0   .init       
     wEnd                                      C11C       3       3       0   .init       
     fill_w_spaces                             C11F       C      12       0   .init       
     delay_10ms                                C12B       8       8       3   .init       
     delay_5ms                                 C133       8       8       2   .init       
     delay_50us                                C13B       8       8       1   .init       
     del1                                      C143       6       6       0   .init       
     sel_data                                  C149       4       4       1   .init       
     sel_inst                                  C14D       4       4       3   .init       
     outputByte                                C151       C      12       5   .init       
- VARIABLES:
     VAR00001                                  1000       1       1       2   .data       
     temp1                                     1001       1       1       0   .data       
     VAR00002                                  C36A       1       1       1   .const      
     VAR00003                                  C36B       1       1       0   .const      
     VAR00004                                  C36C       1       1       0   .const      
     VAR00005                                  C36D       1       1       0   .const      
     VAR00006                                  C36E       1       1       1   .const      
     VAR00007                                  C36F       1       1       0   .const      
     VAR00008                                  C370       1       1       0   .const      
     VAR00009                                  C371       1       1       0   .const      
     VAR00010                                  C372       1       1       0   .const      
MODULE:                 -- PWM.asm.o --
- PROCEDURES:
     setupPWM                                  C15D      60      96       1   .init       
- VARIABLES:
MODULE:                 -- clock.asm.o --
- PROCEDURES:
     setClock                                  C1BD      15      21       1   .init       
     cancelTick                                C1D2       1       1       0   .init       
     tick                                      C1D3      16      22       1   .init       
     addSecond                                 C1E9       E      14       2   .init       
     addMinute                                 C1F7       E      14       1   .init       
     addHour                                   C205       E      14       1   .init       
     rollOverSecondsSet                        C213       7       7       0   .init       
     rollOverMinutesSet                        C21A       7       7       0   .init       
     rollOverHoursSet                          C221       8       8       0   .init       
     setupText                                 C229      11      17       0   .init       
     skipToMinutes                             C23A      2C      44       4   .init       
     chooseFormat                              C266      14      20       1   .init       
     handle12HourFormat                        C27A       B      11       0   .init       
     setAM                                     C285      1F      31       0   .init       
     continue12AM                              C2A4       D      13       0   .init       
     setPM                                     C2B1      1D      29       0   .init       
     continue12PM                              C2CE       F      15       0   .init       
- VARIABLES:
     SECONDS                                   1002       1       1       5   .data       
     MINUTES                                   1003       1       1       5   .data       
     HOURS                                     1004       1       1       8   .data       
     Hour12Format                              1005       1       1       2   .data       
     OUTPUTSTRING                              1006       B      11      14   .data       
     ASCIIBuffer                               1011       7       7      12   .data       
MODULE:                 -- buttons.asm.o --
- PROCEDURES:
     buttonHandle                              C2DD       9       9       1   .init       
     normalModeInterrupt                       C2E6      14      20       0   .init       
     buttonJustPressedInterrupt                C2FA      17      23       0   .init       
     buttonJustReleasedInterrupt               C311       D      13       0   .init       
     buttonWasTooLateReleased                  C31E       9       9       0   .init       
     setModeInterrupt                          C327       F      15       0   .init       
     rtsFromSecond                             C336       5       5       0   .init       
     rtsFromMinute                             C33B       6       6       0   .init       
     jmpToSecond                               C341       5       5       0   .init       
     jmpToMinute                               C346       5       5       0   .init       
     jmpToHour                                 C34B       3       3       0   .init       
     cleanFlags                                C34E       6       6       0   .init       
- VARIABLES:
     setMode                                   1018       1       1       4   .data       
     setModeTimerStarted                       1019       1       1       0   .data       
MODULE:                 -- eventHandler.asm.o --
- PROCEDURES:
     handlePWMITR                              C354       5       5       1   .init       
     continueInterruptHandle                   C359       6       6       0   .init       
     handleClockTick                           C35F       5       5       0   .init       
     swapNames                                 C364       6       6       0   .init       
- VARIABLES:

*********************************************************************************************
MODULE STATISTIC
  Name                                      Data   Code  Const
---------------------------------------------------------------------------------------------
  main.asm.o                                   0     42      4
  led.asm.o                                    0     34      0
  decToASCII.asm.o                             0     90      0
  lcd.asm.o                                    2    183      9
  PWM.asm.o                                    0     96      0
  clock.asm.o                                 22    288      0
  buttons.asm.o                                2    119      0
  eventHandler.asm.o                           0     22      0
  other                                      256      2      0

*********************************************************************************************
SECTION USE IN OBJECT-ALLOCATION SECTION
---------------------------------------------------------------------------------------------
SECTION: ".text"
  PORTB DDRB TIOS TCNT TSCR1 TCTL1 TCTL2 TSCR2 TFLG1 TC0 TC1 PWME PWMPOL 
  PWMCLK PWMPRCLK PWMCAE PWMCTL PWMSCLA PWMSCLB PWMPER0 PWMPER1 PWMPER4 PWMPER5 
  PWMDTY0 PWMDTY1 PWMDTY4 PWMDTY5 PTP DDRP PPSP PIEP PIFP PPSH PIFH PTJ DDRJ 
  VAR00001 VAR00002 
SECTION: ".data"
  VAR00001 temp1 SECONDS MINUTES HOURS Hour12Format OUTPUTSTRING ASCIIBuffer 
  setMode setModeTimerStarted 
SECTION: ".init"
  main Entry BUSY initLED setLED getLED toggleLED decToASCII startConversion 
  flipSign initLCD inext1 inext2 writeLine writeLine1 wDo next wEnd 
  fill_w_spaces delay_10ms delay_5ms delay_50us del1 sel_data sel_inst 
  outputByte setupPWM setClock cancelTick tick addSecond addMinute addHour 
  rollOverSecondsSet rollOverMinutesSet rollOverHoursSet setupText 
  skipToMinutes chooseFormat handle12HourFormat setAM continue12AM setPM 
  continue12PM buttonHandle normalModeInterrupt buttonJustPressedInterrupt 
  buttonJustReleasedInterrupt buttonWasTooLateReleased setModeInterrupt 
  rtsFromSecond rtsFromMinute jmpToSecond jmpToMinute jmpToHour cleanFlags 
  handlePWMITR continueInterruptHandle handleClockTick swapNames 
SECTION: ".const"
  VAR00002 VAR00003 VAR00004 VAR00005 VAR00006 VAR00007 VAR00008 VAR00009 
  VAR00010 

*********************************************************************************************
OBJECT LIST SORTED BY ADDRESS
     Name                                      Addr   hSize   dSize     Ref    Section   RLIB
---------------------------------------------------------------------------------------------
     PORTB                                        1       0       0       5   .text       
     DDRB                                         3       0       0       1   .text       
     TIOS                                        40       0       0       0   .text       
     TCNT                                        44       0       0       1   .text       
     TSCR1                                       46       0       0       0   .text       
     TCTL1                                       48       0       0       0   .text       
     TCTL2                                       49       0       0       0   .text       
     TSCR2                                       4D       0       0       0   .text       
     TFLG1                                       4E       0       0       2   .text       
     TC0                                         50       0       0       1   .text       
     TC1                                         52       0       0       0   .text       
     PWME                                        A0       0       0       1   .text       
     PWMPOL                                      A1       0       0       1   .text       
     PWMCLK                                      A2       0       0       1   .text       
     PWMPRCLK                                    A3       0       0       1   .text       
     PWMCAE                                      A4       0       0       1   .text       
     PWMCTL                                      A5       0       0       1   .text       
     PWMSCLA                                     A8       0       0       1   .text       
     PWMSCLB                                     A9       0       0       1   .text       
     PWMPER0                                     B4       0       0       1   .text       
     PWMPER1                                     B5       0       0       1   .text       
     PWMPER4                                     B8       0       0       1   .text       
     PWMPER5                                     B9       0       0       1   .text       
     PWMDTY0                                     BC       0       0       1   .text       
     PWMDTY1                                     BD       0       0       1   .text       
     PWMDTY4                                     C0       0       0       1   .text       
     PWMDTY5                                     C1       0       0       1   .text       
     PTP                                        258       0       0       0   .text       
     DDRP                                       25A       0       0       1   .text       
     PPSP                                       25D       0       0       1   .text       
     PIEP                                       25E       0       0       1   .text       
     PIFP                                       25F       0       0       4   .text       
     PPSH                                       265       0       0      11   .text       
     PIFH                                       267       0       0       3   .text       
     PTJ                                        268       0       0       1   .text       
     DDRJ                                       26A       0       0       1   .text       
     VAR00001                                  1000       1       1       2   .data       
     temp1                                     1001       1       1       0   .data       
     SECONDS                                   1002       1       1       5   .data       
     MINUTES                                   1003       1       1       5   .data       
     HOURS                                     1004       1       1       8   .data       
     Hour12Format                              1005       1       1       2   .data       
     OUTPUTSTRING                              1006       B      11      14   .data       
     ASCIIBuffer                               1011       7       7      12   .data       
     setMode                                   1018       1       1       4   .data       
     setModeTimerStarted                       1019       1       1       0   .data       
     main                                      C000       0       0       0   .init       
     Entry                                     C000      28      40       0   .init       
     BUSY                                      C028       2       2       0   .init       
     initLED                                   C02A      13      19       1   .init       
     setLED                                    C03D       4       4       0   .init       
     getLED                                    C041       4       4       0   .init       
     toggleLED                                 C045       7       7       1   .init       
     decToASCII                                C04C       8       8       7   .init       
     startConversion                           C054      45      69       0   .init       
     flipSign                                  C099       D      13       0   .init       
     initLCD                                   C0A6      27      39       1   .init       
     inext1                                    C0CD      18      24       0   .init       
     inext2                                    C0E5       F      15       0   .init       
     writeLine                                 C0F4       F      15       0   .init       
     writeLine1                                C103       2       2       0   .init       
     wDo                                       C105       8       8       0   .init       
     next                                      C10D       F      15       0   .init       
     wEnd                                      C11C       3       3       0   .init       
     fill_w_spaces                             C11F       C      12       0   .init       
     delay_10ms                                C12B       8       8       3   .init       
     delay_5ms                                 C133       8       8       2   .init       
     delay_50us                                C13B       8       8       1   .init       
     del1                                      C143       6       6       0   .init       
     sel_data                                  C149       4       4       1   .init       
     sel_inst                                  C14D       4       4       3   .init       
     outputByte                                C151       C      12       5   .init       
     setupPWM                                  C15D      60      96       1   .init       
     setClock                                  C1BD      15      21       1   .init       
     cancelTick                                C1D2       1       1       0   .init       
     tick                                      C1D3      16      22       1   .init       
     addSecond                                 C1E9       E      14       2   .init       
     addMinute                                 C1F7       E      14       1   .init       
     addHour                                   C205       E      14       1   .init       
     rollOverSecondsSet                        C213       7       7       0   .init       
     rollOverMinutesSet                        C21A       7       7       0   .init       
     rollOverHoursSet                          C221       8       8       0   .init       
     setupText                                 C229      11      17       0   .init       
     skipToMinutes                             C23A      2C      44       4   .init       
     chooseFormat                              C266      14      20       1   .init       
     handle12HourFormat                        C27A       B      11       0   .init       
     setAM                                     C285      1F      31       0   .init       
     continue12AM                              C2A4       D      13       0   .init       
     setPM                                     C2B1      1D      29       0   .init       
     continue12PM                              C2CE       F      15       0   .init       
     buttonHandle                              C2DD       9       9       1   .init       
     normalModeInterrupt                       C2E6      14      20       0   .init       
     buttonJustPressedInterrupt                C2FA      17      23       0   .init       
     buttonJustReleasedInterrupt               C311       D      13       0   .init       
     buttonWasTooLateReleased                  C31E       9       9       0   .init       
     setModeInterrupt                          C327       F      15       0   .init       
     rtsFromSecond                             C336       5       5       0   .init       
     rtsFromMinute                             C33B       6       6       0   .init       
     jmpToSecond                               C341       5       5       0   .init       
     jmpToMinute                               C346       5       5       0   .init       
     jmpToHour                                 C34B       3       3       0   .init       
     cleanFlags                                C34E       6       6       0   .init       
     handlePWMITR                              C354       5       5       1   .init       
     continueInterruptHandle                   C359       6       6       0   .init       
     handleClockTick                           C35F       5       5       0   .init       
     swapNames                                 C364       6       6       0   .init       
     VAR00002                                  C36A       1       1       1   .const      
     VAR00003                                  C36B       1       1       0   .const      
     VAR00004                                  C36C       1       1       0   .const      
     VAR00005                                  C36D       1       1       0   .const      
     VAR00006                                  C36E       1       1       1   .const      
     VAR00007                                  C36F       1       1       0   .const      
     VAR00008                                  C370       1       1       0   .const      
     VAR00009                                  C371       1       1       0   .const      
     VAR00010                                  C372       1       1       0   .const      
     VAR00001                                  FF8E       2       2       0   .text       
     VAR00002                                  FFCC       2       2       0   .text       

*********************************************************************************************
UNUSED-OBJECTS SECTION
---------------------------------------------------------------------------------------------

*********************************************************************************************
COPYDOWN SECTION
---------------------------------------------------------------------------------------------

*********************************************************************************************
OBJECT-DEPENDENCIES SECTION
---------------------------------------------------------------------------------------------
Entry                     USES __SEG_END_SSTACK delay_10ms initLED setupPWM 
                                initLCD setClock 
initLED                   USES DDRJ PTJ DDRB PORTB 
setLED                    USES PORTB 
getLED                    USES PORTB 
toggleLED                 USES PORTB 
initLCD                   USES delay_10ms VAR00002 VAR00001 sel_inst 
inext1                    USES outputByte delay_5ms VAR00006 VAR00001 sel_inst 
inext2                    USES outputByte delay_5ms 
writeLine                 USES sel_inst 
wDo                       USES outputByte sel_data 
next                      USES outputByte 
fill_w_spaces             USES outputByte 
outputByte                USES delay_50us 
setupPWM                  USES DDRP PIEP PPSP PWME PWMPOL PWMCLK PWMPRCLK 
                                PWMCAE PWMCTL PWMSCLA PWMSCLB PWMPER0 PWMPER1 PWMDTY0 
                                PWMDTY1 PWMPER4 PWMPER5 PWMDTY4 PWMDTY5 
setClock                  USES SECONDS MINUTES HOURS Hour12Format 
tick                      USES PIFP setMode toggleLED addSecond chooseFormat 
addSecond                 USES SECONDS 
addMinute                 USES MINUTES 
addHour                   USES HOURS 
rollOverSecondsSet        USES SECONDS 
rollOverMinutesSet        USES MINUTES 
rollOverHoursSet          USES HOURS 
setupText                 USES ASCIIBuffer HOURS decToASCII OUTPUTSTRING 
skipToMinutes             USES ASCIIBuffer MINUTES decToASCII OUTPUTSTRING 
                                SECONDS 
chooseFormat              USES Hour12Format OUTPUTSTRING 
handle12HourFormat        USES HOURS 
setAM                     USES OUTPUTSTRING HOURS ASCIIBuffer decToASCII 
                                skipToMinutes 
continue12AM              USES decToASCII ASCIIBuffer OUTPUTSTRING 
                                skipToMinutes 
setPM                     USES OUTPUTSTRING HOURS ASCIIBuffer decToASCII 
                                skipToMinutes 
continue12PM              USES decToASCII ASCIIBuffer OUTPUTSTRING 
                                skipToMinutes 
buttonHandle              USES setMode 
normalModeInterrupt       USES PIFH PPSH 
buttonJustPressedInterrupt USES PPSH TCNT TFLG1 TC0 
buttonJustReleasedInterrupt USES TFLG1 setMode 
buttonWasTooLateReleased  USES PPSH 
setModeInterrupt          USES PPSH 
rtsFromSecond             USES PPSH 
rtsFromMinute             USES PPSH 
jmpToSecond               USES addSecond 
jmpToMinute               USES addMinute 
jmpToHour                 USES addHour 
cleanFlags                USES PIFH 
handlePWMITR              USES PIFP 
continueInterruptHandle   USES PIFP 
handleClockTick           USES tick 
swapNames                 USES PIFP 

*********************************************************************************************
DEPENDENCY TREE
*********************************************************************************************
 main and _Startup Group
 | 
 +- main                
 |    
 +- Entry               
    | 
    +- delay_10ms          
    |    
    +- initLED             
    |    
    +- setupPWM            
    |    
    +- initLCD             
    |  | 
    |  +- delay_10ms           (see above)
    |  |  
    |  +- sel_inst            
    |       
    +- setClock            
         
 _ORG00001           
 | 
 +- handlePWMITR        
      
 _ORG00002           
 | 
 +- buttonHandle        
      
*********************************************************************************************
STATISTIC SECTION
---------------------------------------------------------------------------------------------

ExeFile:
--------
Number of blocks to be downloaded: 5
Total size of all blocks to be downloaded: 889

