*** EVALUATION ***
PROGRAM "C:\Users\Julian\OneDrive\Desktop\Studium\CA\LAB\lab1\bin\Simulator.abs"

*********************************************************************************************
TARGET SECTION
---------------------------------------------------------------------------------------------
Processor   : Freescale HC12
Memory Model: SMALL
File Format : ELF\DWARF 2.0
Linker      : SmartLinker V-5.0.40 Build 10203, Jul 23 2010

*********************************************************************************************
FILE SECTION
---------------------------------------------------------------------------------------------
main.asm.o                              Model: SMALL,         Lang: Assembler
led.asm.o                               Model: SMALL,         Lang: Assembler
decToASCII.asm.o                        Model: SMALL,         Lang: Assembler
lcd.asm.o                               Model: SMALL,         Lang: Assembler
PWM.asm.o                               Model: SMALL,         Lang: Assembler
clock.asm.o                             Model: SMALL,         Lang: Assembler
buttons.asm.o                           Model: SMALL,         Lang: Assembler
ECT.asm.o                               Model: SMALL,         Lang: Assembler
eventHandler.asm.o                      Model: SMALL,         Lang: Assembler
helperFunctions.asm.o                   Model: SMALL,         Lang: Assembler
adc.asm.o                               Model: SMALL,         Lang: Assembler
thermo.asm.o                            Model: SMALL,         Lang: Assembler
signalDecoder.asm.o                     Model: SMALL,         Lang: Assembler

*********************************************************************************************
STARTUP SECTION
---------------------------------------------------------------------------------------------
Entry point: 0xC000 (Entry)

*********************************************************************************************
SECTION-ALLOCATION SECTION
Section Name                    Size  Type     From       To       Segment
---------------------------------------------------------------------------------------------
.init                           2826     R     0xC000     0xCB09   ROM_C000
.data                            112   R/W     0x1000     0x106F   RAM
main.asm__ORG00001                 2     R     0xFF8E     0xFF8F   .absSeg0
main.asm__ORG00002                 2     R     0xFFCA     0xFFCB   .absSeg1
.const                             9     R     0xCB0A     0xCB12   ROM_C000
.stack                           256   R/W     0x1070     0x116F   RAM
.vectSeg2_vect                     2     R     0xFFFE     0xFFFF   .vectSeg2

Summary of section sizes per section type:
READ_ONLY (R):         B19 (dec:     2841)
READ_WRITE (R/W):      170 (dec:      368)

*********************************************************************************************
VECTOR-ALLOCATION SECTION
    Address     InitValue   InitFunction
---------------------------------------------------------------------------------------------
     0xFFFE        0xC000   Entry

*********************************************************************************************
OBJECT-ALLOCATION SECTION
     Name               Module                 Addr   hSize   dSize     Ref    Section   RLIB
---------------------------------------------------------------------------------------------
MODULE:                 -- main.asm.o --
- PROCEDURES:
     Entry                                     C000      22      34       0   .init       
     main                                      C000       0       0       0   .init       
     BUSY                                      C022       2       2       0   .init       
- VARIABLES:
     VAR00001                                  FF8E       2       2       0   .text       
     VAR00002                                  FFCA       2       2       0   .text       
- LABELS:
     __SEG_END_SSTACK                          1170       0       0       1               
     PTH_PTH0                                     0       0       0       0   .text       
     PORTB                                        1       0       0       5   .text       
     DDRB                                         3       0       0       1   .text       
     TIOS                                        40       0       0       1   .text       
     TCNT                                        44       0       0       8   .text       
     TSCR1                                       46       0       0       1   .text       
     TCTL1                                       48       0       0       1   .text       
     TCTL2                                       49       0       0       1   .text       
     TCTL3                                       4A       0       0       1   .text       
     TCTL4                                       4B       0       0       1   .text       
     TIE                                         4C       0       0       1   .text       
     TSCR2                                       4D       0       0       1   .text       
     TFLG1                                       4E       0       0       8   .text       
     TC0                                         50       0       0       1   .text       
     TC1                                         52       0       0       1   .text       
     TC2                                         54       0       0       1   .text       
     TC3                                         56       0       0       1   .text       
     TC4                                         58       0       0       1   .text       
     TC5                                         5A       0       0       1   .text       
     TC6                                         5C       0       0       1   .text       
     TC7                                         5E       0       0       1   .text       
     MCCTL                                       66       0       0       1   .text       
     MCFLG                                       67       0       0       1   .text       
     MCCNT                                       76       0       0       1   .text       
     PWME                                        A0       0       0       1   .text       
     PWMPOL                                      A1       0       0       1   .text       
     PWMCLK                                      A2       0       0       1   .text       
     PWMPRCLK                                    A3       0       0       1   .text       
     PWMCAE                                      A4       0       0       1   .text       
     PWMCTL                                      A5       0       0       1   .text       
     PWMSCLA                                     A8       0       0       1   .text       
     PWMSCLB                                     A9       0       0       1   .text       
     PWMPER0                                     B4       0       0       1   .text       
     PWMPER1                                     B5       0       0       1   .text       
     PWMPER2                                     B6       0       0       0   .text       
     PWMPER4                                     B8       0       0       1   .text       
     PWMPER5                                     B9       0       0       1   .text       
     PWMDTY0                                     BC       0       0       1   .text       
     PWMDTY1                                     BD       0       0       1   .text       
     PWMDTY2                                     BE       0       0       0   .text       
     PWMDTY4                                     C0       0       0       1   .text       
     PWMDTY5                                     C1       0       0       1   .text       
     PTP                                        258       0       0       0   .text       
     DDRP                                       25A       0       0       1   .text       
     PPSP                                       25D       0       0       1   .text       
     PIEP                                       25E       0       0       1   .text       
     PIFP                                       25F       0       0       6   .text       
     PTH                                        260       0       0       4   .text       
     DDRH                                       262       0       0       1   .text       
     PERH                                       264       0       0       1   .text       
     PPSH                                       265       0       0      11   .text       
     PIEH                                       266       0       0       1   .text       
     PIFH                                       267       0       0       2   .text       
     PTJ                                        268       0       0       1   .text       
     DDRJ                                       26A       0       0       1   .text       
MODULE:                 -- led.asm.o --
- PROCEDURES:
     initLED                                   C024      13      19       1   .init       
     setLED                                    C037       4       4       0   .init       
     getLED                                    C03B       4       4       0   .init       
     toggleLED                                 C03F       7       7       2   .init       
- VARIABLES:
MODULE:                 -- decToASCII.asm.o --
- PROCEDURES:
     decToASCII                                C046       8       8       8   .init       
     startConversion                           C04E      45      69       0   .init       
     flipSign                                  C093       D      13       0   .init       
- VARIABLES:
MODULE:                 -- lcd.asm.o --
- PROCEDURES:
     initLCD                                   C0A0      27      39       1   .init       
     inext1                                    C0C7      18      24       0   .init       
     inext2                                    C0DF       F      15       0   .init       
     writeLine                                 C0EE       F      15       3   .init       
     writeLine1                                C0FD       2       2       0   .init       
     wDo                                       C0FF       8       8       0   .init       
     next                                      C107       F      15       0   .init       
     wEnd                                      C116       3       3       0   .init       
     fill_w_spaces                             C119       C      12       0   .init       
     delay_10ms                                C125       8       8       3   .init       
     delay_5ms                                 C12D       8       8       2   .init       
     delay_50us                                C135       8       8       1   .init       
     del1                                      C13D       6       6       0   .init       
     sel_data                                  C143       4       4       1   .init       
     sel_inst                                  C147       4       4       3   .init       
     outputByte                                C14B       C      12       5   .init       
- VARIABLES:
     VAR00001                                  1000       1       1       2   .data       
     temp1                                     1001       1       1       0   .data       
     VAR00002                                  CB0A       1       1       1   .const      
     VAR00003                                  CB0B       1       1       0   .const      
     VAR00004                                  CB0C       1       1       0   .const      
     VAR00005                                  CB0D       1       1       0   .const      
     VAR00006                                  CB0E       1       1       1   .const      
     VAR00007                                  CB0F       1       1       0   .const      
     VAR00008                                  CB10       1       1       0   .const      
     VAR00009                                  CB11       1       1       0   .const      
     VAR00010                                  CB12       1       1       0   .const      
MODULE:                 -- PWM.asm.o --
- PROCEDURES:
     setupPWM                                  C157      60      96       1   .init       
- VARIABLES:
MODULE:                 -- clock.asm.o --
- PROCEDURES:
     setClock                                  C1B7      15      21       1   .init       
     cancelTick                                C1CC       1       1       0   .init       
     tick                                      C1CD      11      17       1   .init       
     addSecond                                 C1DE       E      14       1   .init       
     addMinute                                 C1EC       E      14       0   .init       
     addHour                                   C1FA       E      14       0   .init       
     rollOverSecondsNormal                     C208       7       7       0   .init       
     rollOverMinutesNormal                     C20F       7       7       0   .init       
     rollOverHoursNormal                       C216       8       8       0   .init       
     setupText                                 C21E      11      17       0   .init       
     skipToMinutes                             C22F      29      41       4   .init       
     chooseFormat                              C258      14      20       2   .init       
     handle12HourFormat                        C26C       B      11       0   .init       
     setAM                                     C277      1F      31       0   .init       
     continue12AM                              C296       D      13       0   .init       
     setPM                                     C2A3      1D      29       0   .init       
     continue12PM                              C2C0       F      15       0   .init       
     addHoursSet                               C2CF       E      14       1   .init       
     rollOverHours                             C2DD       7       7       0   .init       
     addMinutesSet                             C2E4       D      13       1   .init       
     rollOverMinutes                           C2F1       7       7       0   .init       
     addSecondsSet                             C2F8       D      13       1   .init       
     rollOverSeconds                           C305       7       7       0   .init       
     displayNewTime                            C30C       7       7       0   .init       
- VARIABLES:
     SECONDS                                   1002       1       1       8   .data       
     MINUTES                                   1003       1       1       9   .data       
     HOURS                                     1004       1       1      12   .data       
     Hour12Format                              1005       1       1       2   .data       
     OUTPUTSTRING                              1006       B      11      15   .data       
     ASCIIBuffer                               1011       7       7      12   .data       
MODULE:                 -- buttons.asm.o --
- PROCEDURES:
     initButtonState                           C313      1F      31       0   .init       
     evaluateButtons                           C332      14      20       0   .init       
     continueEvalBT                            C346      2F      47       0   .init       
     notInSetMode                              C375       1       1       0   .init       
     handleBt1                                 C376       5       5       0   .init       
     handleBt2                                 C37B       5       5       0   .init       
     handleBt3                                 C380       5       5       0   .init       
     handleBt4                                 C385       5       5       0   .init       
     logicBT1                                  C38A      29      41       1   .init       
     released1                                 C3B3      21      33       0   .init       
     logicBT2                                  C3D4      29      41       1   .init       
     released2                                 C3FD      17      23       0   .init       
     continueEval                              C414       1       1       0   .init       
     logicBT3                                  C415      29      41       1   .init       
     released3                                 C43E      17      23       0   .init       
     logicBT4                                  C455      29      41       1   .init       
     released4                                 C47E      17      23       0   .init       
- VARIABLES:
     buttonPressedEval                         1018       1       1      13   .data       
     buttonReleasedEval                        1019       1       1      17   .data       
     setMode                                   101A       1       1       5   .data       
     setModeTimerStarted                       101B       1       1       1   .data       
MODULE:                 -- ECT.asm.o --
- PROCEDURES:
     setupTimer                                C495      34      52       1   .init       
- VARIABLES:
MODULE:                 -- eventHandler.asm.o --
- PROCEDURES:
     handlePWMITR                              C4C9       5       5       1   .init       
     continueInterruptHandle                   C4CE       5       5       0   .init       
     continueInterruptHandle2                  C4D3       5       5       0   .init       
     continueInterruptHandle3                  C4D8       1       1       0   .init       
     handleClockTick                           C4D9       D      13       0   .init       
     swapNames                                 C4E6       7       7       0   .init       
     displayName                               C4ED       7       7       0   .init       
- VARIABLES:
MODULE:                 -- helperFunctions.asm.o --
- PROCEDURES:
     concat2StringsString1LeftBoundedString2RightBoundedForNiceDisplayIGuess       C4F4       5       5       3   .init       
     copySpaces                                C4F9      10      16       0   .init       
     start                                     C509       3       3       0   .init       
     moveFirstString                           C50C       E      14       0   .init       
     startSecondString                         C51A       3       3       0   .init       
     findEnd                                   C51D       9       9       0   .init       
     copySecondString                          C526       7       7       0   .init       
     cpyLoop                                   C52D       D      13       0   .init       
     finish                                    C53A       1       1       0   .init       
     displayTemperatureAndTime                 C53B      12      18       1   .init       
     displayTimeAndDate                        C54D      15      21       1   .init       
     displayString                             C562      23      35       0   .init       
     displayAmerican                           C585       E      14       0   .init       
- VARIABLES:
     LINE_BUFFER                               101C      11      17       6   .data       
     SECOND_STRING_ADR                         102D       2       2       3   .data       
     TIME_ZONE                                 102F       4       4       5   .data       
     DUMMY_TEMP                                1033       5       5       0   .data       
MODULE:                 -- adc.asm.o --
- PROCEDURES:
     initADC                                   C593      15      21       2   .init       
     convertADC                                C5A8       5       5       1   .init       
     wait1                                     C5AD      28      40       0   .init       
     formatString                              C5D5      1D      29       1   .init       
- VARIABLES:
     degree_string                             1038       7       7       2   .data       
MODULE:                 -- thermo.asm.o --
- PROCEDURES:
     initThermo                                C5F2       4       4       0   .init       
     updateThermo                              C5F6       D      13       0   .init       
- VARIABLES:
     temp                                      103F       7       7       4   .data       
MODULE:                 -- signalDecoder.asm.o --
- PROCEDURES:
     init_intervals                            C603      7D     125       1   .init       
     validOne                                  C680       6       6       0   .init       
     validZero                                 C686       6       6       0   .init       
     signalDecoderControl                      C68C      1E      30       1   .init       
     testFunction                              C6AA      1B      27       0   .init       
     jmpDataBuffer                             C6C5       4       4       0   .init       
     evalWindow                                C6C9      25      37       0   .init       
     resetToDefault                            C6EE      25      37       1   .init       
     checkForStopBit                           C713      24      36       0   .init       
     returnFromStopBit                         C737       1       1       0   .init       
     jmpResetInterval                          C738       4       4       0   .init       
     returnFromDecoder                         C73C      13      19       0   .init       
     checkDataBuffer                           C74F      11      17       1   .init       
     count_loop                                C760       A      10       0   .init       
     continueDataBufferCheck                   C76A       C      12       0   .init       
     finished_counting                         C776      1A      26       0   .init       
     pollSignal                                C790      10      16       1   .init       
     continue                                  C7A0       8       8       0   .init       
     startIntervals                            C7A8       E      14       0   .init       
     resetInterval                             C7B6       B      11       2   .init       
     putBit                                    C7C1      1B      27       2   .init       
     shift_loop                                C7DC       8       8       0   .init       
     continuePutting                           C7E4      13      19       0   .init       
     invalidBit                                C7F7       3       3       6   .init       
     evalBits                                  C7FA      16      22       2   .init       
     evalMinutes                               C810      81     129       1   .init       
     parity_even_min                           C891       D      13       0   .init       
     parity_odd_min                            C89E       D      13       0   .init       
     validBit                                  C8AB       A      10       0   .init       
     evalHours                                 C8B5      5C      92       1   .init       
     parity_even_hours                         C911       D      13       0   .init       
     parity_odd_hours                          C91E       D      13       0   .init       
     validBitH                                 C92B       D      13       0   .init       
     checkDateParity                           C938      F9     249       1   .init       
     parity_even_date                          CA31       B      11       0   .init       
     partiy_odd_date                           CA3C       B      11       0   .init       
     valid_bit_date                            CA47       1       1       0   .init       
     evalDays                                  CA48       C      12       1   .init       
     evalDayOfWeek                             CA54       9       9       1   .init       
     evalYear                                  CA5D       9       9       1   .init       
     putCorrectDateAndTime                     CA66       6       6       1   .init       
     convertMinutes                            CA6C       D      13       1   .init       
     cont4                                     CA79       B      11       0   .init       
     cont5                                     CA84       B      11       0   .init       
     cont6                                     CA8F       B      11       0   .init       
     cont7                                     CA9A       C      12       0   .init       
     cont1                                     CAA6       C      12       0   .init       
     cont2                                     CAB2       C      12       0   .init       
     cont3                                     CABE       4       4       0   .init       
     convertHours                              CAC2       D      13       1   .init       
     cont4H                                    CACF       B      11       0   .init       
     cont5H                                    CADA       B      11       0   .init       
     cont6H                                    CAE5       B      11       0   .init       
     cont7H                                    CAF0       B      11       0   .init       
     cont8H                                    CAFB       B      11       0   .init       
     cont9H                                    CB06       4       4       0   .init       
- VARIABLES:
     HIGHS                                     1046       1       1       7   .data       
     TOTAL_POLLS                               1047       1       1       9   .data       
     STOP_BIT_FOUND                            1048       1       1       4   .data       
     WAIT_FOR_DATA                             1049       1       1       5   .data       
     DATA_BUFFER                               104A       2       2       8   .data       
     DATA_STREAM                               104C       8       8      23   .data       
     STREAM_POSITION                           1054       1       1       5   .data       
     VALID_MINUTES                             1055       1       1       8   .data       
     VALID_HOURS                               1056       1       1       7   .data       
     VALID_DAYS                                1057       1       1       1   .data       
     DAY_OF_WEEK_AND_MONTH                     1058       1       1       1   .data       
     YEAR                                      1059       1       1       1   .data       
     DATE_STRING                               105A       B      11       7   .data       
     DAY_STRING                                1065       5       5       4   .data       
     TEMP                                      106A       1       1       9   .data       
     CONF_STOP                                 106B       1       1       3   .data       
     CONF_I0                                   106C       2       2       3   .data       
     CONF_I1                                   106E       2       2       3   .data       

*********************************************************************************************
MODULE STATISTIC
  Name                                      Data   Code  Const
---------------------------------------------------------------------------------------------
  main.asm.o                                   0     36      4
  led.asm.o                                    0     34      0
  decToASCII.asm.o                             0     90      0
  lcd.asm.o                                    2    183      9
  PWM.asm.o                                    0     96      0
  clock.asm.o                                 22    348      0
  buttons.asm.o                                4    386      0
  ECT.asm.o                                    0     52      0
  eventHandler.asm.o                           0     43      0
  helperFunctions.asm.o                       28    159      0
  adc.asm.o                                    7     95      0
  thermo.asm.o                                 7     17      0
  signalDecoder.asm.o                         42   1287      0
  other                                      256      2      0

*********************************************************************************************
SECTION USE IN OBJECT-ALLOCATION SECTION
---------------------------------------------------------------------------------------------
SECTION: ".text"
  PTH_PTH0 PORTB DDRB TIOS TCNT TSCR1 TCTL1 TCTL2 TCTL3 TCTL4 TIE TSCR2 TFLG1 
  TC0 TC1 TC2 TC3 TC4 TC5 TC6 TC7 MCCTL MCFLG MCCNT PWME PWMPOL PWMCLK PWMPRCLK 
  PWMCAE PWMCTL PWMSCLA PWMSCLB PWMPER0 PWMPER1 PWMPER2 PWMPER4 PWMPER5 PWMDTY0 
  PWMDTY1 PWMDTY2 PWMDTY4 PWMDTY5 PTP DDRP PPSP PIEP PIFP PTH DDRH PERH PPSH 
  PIEH PIFH PTJ DDRJ VAR00001 VAR00002 
SECTION: ".data"
  VAR00001 temp1 SECONDS MINUTES HOURS Hour12Format OUTPUTSTRING ASCIIBuffer 
  buttonPressedEval buttonReleasedEval setMode setModeTimerStarted LINE_BUFFER 
  SECOND_STRING_ADR TIME_ZONE DUMMY_TEMP degree_string temp HIGHS TOTAL_POLLS 
  STOP_BIT_FOUND WAIT_FOR_DATA DATA_BUFFER DATA_STREAM STREAM_POSITION 
  VALID_MINUTES VALID_HOURS VALID_DAYS DAY_OF_WEEK_AND_MONTH YEAR DATE_STRING 
  DAY_STRING TEMP CONF_STOP CONF_I0 CONF_I1 
SECTION: ".init"
  main Entry BUSY initLED setLED getLED toggleLED decToASCII startConversion 
  flipSign initLCD inext1 inext2 writeLine writeLine1 wDo next wEnd 
  fill_w_spaces delay_10ms delay_5ms delay_50us del1 sel_data sel_inst 
  outputByte setupPWM setClock cancelTick tick addSecond addMinute addHour 
  rollOverSecondsNormal rollOverMinutesNormal rollOverHoursNormal setupText 
  skipToMinutes chooseFormat handle12HourFormat setAM continue12AM setPM 
  continue12PM addHoursSet rollOverHours addMinutesSet rollOverMinutes 
  addSecondsSet rollOverSeconds displayNewTime initButtonState evaluateButtons 
  continueEvalBT notInSetMode handleBt1 handleBt2 handleBt3 handleBt4 logicBT1 
  released1 logicBT2 released2 continueEval logicBT3 released3 logicBT4 
  released4 setupTimer handlePWMITR continueInterruptHandle 
  continueInterruptHandle2 continueInterruptHandle3 handleClockTick swapNames 
  displayName 
  concat2StringsString1LeftBoundedString2RightBoundedForNiceDisplayIGuess 
  copySpaces start moveFirstString startSecondString findEnd copySecondString 
  cpyLoop finish displayTemperatureAndTime displayTimeAndDate displayString 
  displayAmerican initADC convertADC wait1 formatString initThermo updateThermo 
  init_intervals validOne validZero signalDecoderControl testFunction 
  jmpDataBuffer evalWindow resetToDefault checkForStopBit returnFromStopBit 
  jmpResetInterval returnFromDecoder checkDataBuffer count_loop 
  continueDataBufferCheck finished_counting pollSignal continue startIntervals 
  resetInterval putBit shift_loop continuePutting invalidBit evalBits 
  evalMinutes parity_even_min parity_odd_min validBit evalHours 
  parity_even_hours parity_odd_hours validBitH checkDateParity parity_even_date 
  partiy_odd_date valid_bit_date evalDays evalDayOfWeek evalYear 
  putCorrectDateAndTime convertMinutes cont4 cont5 cont6 cont7 cont1 cont2 
  cont3 convertHours cont4H cont5H cont6H cont7H cont8H cont9H 
SECTION: ".const"
  VAR00002 VAR00003 VAR00004 VAR00005 VAR00006 VAR00007 VAR00008 VAR00009 
  VAR00010 

*********************************************************************************************
OBJECT LIST SORTED BY ADDRESS
     Name                                      Addr   hSize   dSize     Ref    Section   RLIB
---------------------------------------------------------------------------------------------
     PTH_PTH0                                     0       0       0       0   .text       
     PORTB                                        1       0       0       5   .text       
     DDRB                                         3       0       0       1   .text       
     TIOS                                        40       0       0       1   .text       
     TCNT                                        44       0       0       8   .text       
     TSCR1                                       46       0       0       1   .text       
     TCTL1                                       48       0       0       1   .text       
     TCTL2                                       49       0       0       1   .text       
     TCTL3                                       4A       0       0       1   .text       
     TCTL4                                       4B       0       0       1   .text       
     TIE                                         4C       0       0       1   .text       
     TSCR2                                       4D       0       0       1   .text       
     TFLG1                                       4E       0       0       8   .text       
     TC0                                         50       0       0       1   .text       
     TC1                                         52       0       0       1   .text       
     TC2                                         54       0       0       1   .text       
     TC3                                         56       0       0       1   .text       
     TC4                                         58       0       0       1   .text       
     TC5                                         5A       0       0       1   .text       
     TC6                                         5C       0       0       1   .text       
     TC7                                         5E       0       0       1   .text       
     MCCTL                                       66       0       0       1   .text       
     MCFLG                                       67       0       0       1   .text       
     MCCNT                                       76       0       0       1   .text       
     PWME                                        A0       0       0       1   .text       
     PWMPOL                                      A1       0       0       1   .text       
     PWMCLK                                      A2       0       0       1   .text       
     PWMPRCLK                                    A3       0       0       1   .text       
     PWMCAE                                      A4       0       0       1   .text       
     PWMCTL                                      A5       0       0       1   .text       
     PWMSCLA                                     A8       0       0       1   .text       
     PWMSCLB                                     A9       0       0       1   .text       
     PWMPER0                                     B4       0       0       1   .text       
     PWMPER1                                     B5       0       0       1   .text       
     PWMPER2                                     B6       0       0       0   .text       
     PWMPER4                                     B8       0       0       1   .text       
     PWMPER5                                     B9       0       0       1   .text       
     PWMDTY0                                     BC       0       0       1   .text       
     PWMDTY1                                     BD       0       0       1   .text       
     PWMDTY2                                     BE       0       0       0   .text       
     PWMDTY4                                     C0       0       0       1   .text       
     PWMDTY5                                     C1       0       0       1   .text       
     PTP                                        258       0       0       0   .text       
     DDRP                                       25A       0       0       1   .text       
     PPSP                                       25D       0       0       1   .text       
     PIEP                                       25E       0       0       1   .text       
     PIFP                                       25F       0       0       6   .text       
     PTH                                        260       0       0       4   .text       
     DDRH                                       262       0       0       1   .text       
     PERH                                       264       0       0       1   .text       
     PPSH                                       265       0       0      11   .text       
     PIEH                                       266       0       0       1   .text       
     PIFH                                       267       0       0       2   .text       
     PTJ                                        268       0       0       1   .text       
     DDRJ                                       26A       0       0       1   .text       
     VAR00001                                  1000       1       1       2   .data       
     temp1                                     1001       1       1       0   .data       
     SECONDS                                   1002       1       1       8   .data       
     MINUTES                                   1003       1       1       9   .data       
     HOURS                                     1004       1       1      12   .data       
     Hour12Format                              1005       1       1       2   .data       
     OUTPUTSTRING                              1006       B      11      15   .data       
     ASCIIBuffer                               1011       7       7      12   .data       
     buttonPressedEval                         1018       1       1      13   .data       
     buttonReleasedEval                        1019       1       1      17   .data       
     setMode                                   101A       1       1       5   .data       
     setModeTimerStarted                       101B       1       1       1   .data       
     LINE_BUFFER                               101C      11      17       6   .data       
     SECOND_STRING_ADR                         102D       2       2       3   .data       
     TIME_ZONE                                 102F       4       4       5   .data       
     DUMMY_TEMP                                1033       5       5       0   .data       
     degree_string                             1038       7       7       2   .data       
     temp                                      103F       7       7       4   .data       
     HIGHS                                     1046       1       1       7   .data       
     TOTAL_POLLS                               1047       1       1       9   .data       
     STOP_BIT_FOUND                            1048       1       1       4   .data       
     WAIT_FOR_DATA                             1049       1       1       5   .data       
     DATA_BUFFER                               104A       2       2       8   .data       
     DATA_STREAM                               104C       8       8      23   .data       
     STREAM_POSITION                           1054       1       1       5   .data       
     VALID_MINUTES                             1055       1       1       8   .data       
     VALID_HOURS                               1056       1       1       7   .data       
     VALID_DAYS                                1057       1       1       1   .data       
     DAY_OF_WEEK_AND_MONTH                     1058       1       1       1   .data       
     YEAR                                      1059       1       1       1   .data       
     DATE_STRING                               105A       B      11       7   .data       
     DAY_STRING                                1065       5       5       4   .data       
     TEMP                                      106A       1       1       9   .data       
     CONF_STOP                                 106B       1       1       3   .data       
     CONF_I0                                   106C       2       2       3   .data       
     CONF_I1                                   106E       2       2       3   .data       
     main                                      C000       0       0       0   .init       
     Entry                                     C000      22      34       0   .init       
     BUSY                                      C022       2       2       0   .init       
     initLED                                   C024      13      19       1   .init       
     setLED                                    C037       4       4       0   .init       
     getLED                                    C03B       4       4       0   .init       
     toggleLED                                 C03F       7       7       2   .init       
     decToASCII                                C046       8       8       8   .init       
     startConversion                           C04E      45      69       0   .init       
     flipSign                                  C093       D      13       0   .init       
     initLCD                                   C0A0      27      39       1   .init       
     inext1                                    C0C7      18      24       0   .init       
     inext2                                    C0DF       F      15       0   .init       
     writeLine                                 C0EE       F      15       3   .init       
     writeLine1                                C0FD       2       2       0   .init       
     wDo                                       C0FF       8       8       0   .init       
     next                                      C107       F      15       0   .init       
     wEnd                                      C116       3       3       0   .init       
     fill_w_spaces                             C119       C      12       0   .init       
     delay_10ms                                C125       8       8       3   .init       
     delay_5ms                                 C12D       8       8       2   .init       
     delay_50us                                C135       8       8       1   .init       
     del1                                      C13D       6       6       0   .init       
     sel_data                                  C143       4       4       1   .init       
     sel_inst                                  C147       4       4       3   .init       
     outputByte                                C14B       C      12       5   .init       
     setupPWM                                  C157      60      96       1   .init       
     setClock                                  C1B7      15      21       1   .init       
     cancelTick                                C1CC       1       1       0   .init       
     tick                                      C1CD      11      17       1   .init       
     addSecond                                 C1DE       E      14       1   .init       
     addMinute                                 C1EC       E      14       0   .init       
     addHour                                   C1FA       E      14       0   .init       
     rollOverSecondsNormal                     C208       7       7       0   .init       
     rollOverMinutesNormal                     C20F       7       7       0   .init       
     rollOverHoursNormal                       C216       8       8       0   .init       
     setupText                                 C21E      11      17       0   .init       
     skipToMinutes                             C22F      29      41       4   .init       
     chooseFormat                              C258      14      20       2   .init       
     handle12HourFormat                        C26C       B      11       0   .init       
     setAM                                     C277      1F      31       0   .init       
     continue12AM                              C296       D      13       0   .init       
     setPM                                     C2A3      1D      29       0   .init       
     continue12PM                              C2C0       F      15       0   .init       
     addHoursSet                               C2CF       E      14       1   .init       
     rollOverHours                             C2DD       7       7       0   .init       
     addMinutesSet                             C2E4       D      13       1   .init       
     rollOverMinutes                           C2F1       7       7       0   .init       
     addSecondsSet                             C2F8       D      13       1   .init       
     rollOverSeconds                           C305       7       7       0   .init       
     displayNewTime                            C30C       7       7       0   .init       
     initButtonState                           C313      1F      31       0   .init       
     evaluateButtons                           C332      14      20       0   .init       
     continueEvalBT                            C346      2F      47       0   .init       
     notInSetMode                              C375       1       1       0   .init       
     handleBt1                                 C376       5       5       0   .init       
     handleBt2                                 C37B       5       5       0   .init       
     handleBt3                                 C380       5       5       0   .init       
     handleBt4                                 C385       5       5       0   .init       
     logicBT1                                  C38A      29      41       1   .init       
     released1                                 C3B3      21      33       0   .init       
     logicBT2                                  C3D4      29      41       1   .init       
     released2                                 C3FD      17      23       0   .init       
     continueEval                              C414       1       1       0   .init       
     logicBT3                                  C415      29      41       1   .init       
     released3                                 C43E      17      23       0   .init       
     logicBT4                                  C455      29      41       1   .init       
     released4                                 C47E      17      23       0   .init       
     setupTimer                                C495      34      52       1   .init       
     handlePWMITR                              C4C9       5       5       1   .init       
     continueInterruptHandle                   C4CE       5       5       0   .init       
     continueInterruptHandle2                  C4D3       5       5       0   .init       
     continueInterruptHandle3                  C4D8       1       1       0   .init       
     handleClockTick                           C4D9       D      13       0   .init       
     swapNames                                 C4E6       7       7       0   .init       
     displayName                               C4ED       7       7       0   .init       
     concat2StringsString1LeftBoundedString2RightBoundedForNiceDisplayIGuess       C4F4       5       5       3   .init       
     copySpaces                                C4F9      10      16       0   .init       
     start                                     C509       3       3       0   .init       
     moveFirstString                           C50C       E      14       0   .init       
     startSecondString                         C51A       3       3       0   .init       
     findEnd                                   C51D       9       9       0   .init       
     copySecondString                          C526       7       7       0   .init       
     cpyLoop                                   C52D       D      13       0   .init       
     finish                                    C53A       1       1       0   .init       
     displayTemperatureAndTime                 C53B      12      18       1   .init       
     displayTimeAndDate                        C54D      15      21       1   .init       
     displayString                             C562      23      35       0   .init       
     displayAmerican                           C585       E      14       0   .init       
     initADC                                   C593      15      21       2   .init       
     convertADC                                C5A8       5       5       1   .init       
     wait1                                     C5AD      28      40       0   .init       
     formatString                              C5D5      1D      29       1   .init       
     initThermo                                C5F2       4       4       0   .init       
     updateThermo                              C5F6       D      13       0   .init       
     init_intervals                            C603      7D     125       1   .init       
     validOne                                  C680       6       6       0   .init       
     validZero                                 C686       6       6       0   .init       
     signalDecoderControl                      C68C      1E      30       1   .init       
     testFunction                              C6AA      1B      27       0   .init       
     jmpDataBuffer                             C6C5       4       4       0   .init       
     evalWindow                                C6C9      25      37       0   .init       
     resetToDefault                            C6EE      25      37       1   .init       
     checkForStopBit                           C713      24      36       0   .init       
     returnFromStopBit                         C737       1       1       0   .init       
     jmpResetInterval                          C738       4       4       0   .init       
     returnFromDecoder                         C73C      13      19       0   .init       
     checkDataBuffer                           C74F      11      17       1   .init       
     count_loop                                C760       A      10       0   .init       
     continueDataBufferCheck                   C76A       C      12       0   .init       
     finished_counting                         C776      1A      26       0   .init       
     pollSignal                                C790      10      16       1   .init       
     continue                                  C7A0       8       8       0   .init       
     startIntervals                            C7A8       E      14       0   .init       
     resetInterval                             C7B6       B      11       2   .init       
     putBit                                    C7C1      1B      27       2   .init       
     shift_loop                                C7DC       8       8       0   .init       
     continuePutting                           C7E4      13      19       0   .init       
     invalidBit                                C7F7       3       3       6   .init       
     evalBits                                  C7FA      16      22       2   .init       
     evalMinutes                               C810      81     129       1   .init       
     parity_even_min                           C891       D      13       0   .init       
     parity_odd_min                            C89E       D      13       0   .init       
     validBit                                  C8AB       A      10       0   .init       
     evalHours                                 C8B5      5C      92       1   .init       
     parity_even_hours                         C911       D      13       0   .init       
     parity_odd_hours                          C91E       D      13       0   .init       
     validBitH                                 C92B       D      13       0   .init       
     checkDateParity                           C938      F9     249       1   .init       
     parity_even_date                          CA31       B      11       0   .init       
     partiy_odd_date                           CA3C       B      11       0   .init       
     valid_bit_date                            CA47       1       1       0   .init       
     evalDays                                  CA48       C      12       1   .init       
     evalDayOfWeek                             CA54       9       9       1   .init       
     evalYear                                  CA5D       9       9       1   .init       
     putCorrectDateAndTime                     CA66       6       6       1   .init       
     convertMinutes                            CA6C       D      13       1   .init       
     cont4                                     CA79       B      11       0   .init       
     cont5                                     CA84       B      11       0   .init       
     cont6                                     CA8F       B      11       0   .init       
     cont7                                     CA9A       C      12       0   .init       
     cont1                                     CAA6       C      12       0   .init       
     cont2                                     CAB2       C      12       0   .init       
     cont3                                     CABE       4       4       0   .init       
     convertHours                              CAC2       D      13       1   .init       
     cont4H                                    CACF       B      11       0   .init       
     cont5H                                    CADA       B      11       0   .init       
     cont6H                                    CAE5       B      11       0   .init       
     cont7H                                    CAF0       B      11       0   .init       
     cont8H                                    CAFB       B      11       0   .init       
     cont9H                                    CB06       4       4       0   .init       
     VAR00002                                  CB0A       1       1       1   .const      
     VAR00003                                  CB0B       1       1       0   .const      
     VAR00004                                  CB0C       1       1       0   .const      
     VAR00005                                  CB0D       1       1       0   .const      
     VAR00006                                  CB0E       1       1       1   .const      
     VAR00007                                  CB0F       1       1       0   .const      
     VAR00008                                  CB10       1       1       0   .const      
     VAR00009                                  CB11       1       1       0   .const      
     VAR00010                                  CB12       1       1       0   .const      
     VAR00001                                  FF8E       2       2       0   .text       
     VAR00002                                  FFCA       2       2       0   .text       

*********************************************************************************************
UNUSED-OBJECTS SECTION
---------------------------------------------------------------------------------------------
NOT USED VARIABLES
PWM.asm.o:
  MAGIC_NUMBER_1 MAGIC_NUMBER_2 MAGIC_NUMBER_PWMDTY1 
eventHandler.asm.o:
  FRAME_BUFFER 

*********************************************************************************************
COPYDOWN SECTION
---------------------------------------------------------------------------------------------

*********************************************************************************************
OBJECT-DEPENDENCIES SECTION
---------------------------------------------------------------------------------------------
Entry                     USES __SEG_END_SSTACK delay_10ms init_intervals 
                                initLED initLCD initADC setClock setupPWM setupTimer 
initLED                   USES DDRJ PTJ DDRB PORTB 
setLED                    USES PORTB 
getLED                    USES PORTB 
toggleLED                 USES PORTB 
initLCD                   USES delay_10ms VAR00002 VAR00001 sel_inst 
inext1                    USES outputByte delay_5ms VAR00006 VAR00001 sel_inst 
inext2                    USES outputByte delay_5ms 
writeLine                 USES sel_inst 
wDo                       USES outputByte sel_data 
next                      USES outputByte 
fill_w_spaces             USES outputByte 
outputByte                USES delay_50us 
setupPWM                  USES DDRP PIEP PPSP PWMPOL PWMCLK PWMPRCLK PWMCAE 
                                PWMCTL PWMSCLA PWMSCLB PWMPER0 PWMPER1 PWMDTY0 
                                PWMDTY1 PWMPER4 PWMPER5 PWMDTY4 PWMDTY5 PWME 
setClock                  USES SECONDS MINUTES HOURS Hour12Format 
tick                      USES setMode toggleLED addSecond chooseFormat 
addSecond                 USES SECONDS 
addMinute                 USES MINUTES 
addHour                   USES HOURS 
rollOverSecondsNormal     USES SECONDS 
rollOverMinutesNormal     USES MINUTES 
rollOverHoursNormal       USES HOURS 
setupText                 USES ASCIIBuffer HOURS decToASCII OUTPUTSTRING 
skipToMinutes             USES ASCIIBuffer MINUTES decToASCII OUTPUTSTRING 
                                SECONDS 
chooseFormat              USES Hour12Format OUTPUTSTRING 
handle12HourFormat        USES HOURS 
setAM                     USES OUTPUTSTRING HOURS ASCIIBuffer decToASCII 
                                skipToMinutes 
continue12AM              USES decToASCII ASCIIBuffer OUTPUTSTRING 
                                skipToMinutes 
setPM                     USES OUTPUTSTRING HOURS ASCIIBuffer decToASCII 
                                skipToMinutes 
continue12PM              USES decToASCII ASCIIBuffer OUTPUTSTRING 
                                skipToMinutes 
addHoursSet               USES HOURS 
rollOverHours             USES HOURS 
addMinutesSet             USES MINUTES 
rollOverMinutes           USES MINUTES 
addSecondsSet             USES SECONDS 
rollOverSeconds           USES SECONDS 
displayNewTime            USES chooseFormat displayTemperatureAndTime 
initButtonState           USES setMode setModeTimerStarted DDRH PPSH PIEH PERH 
evaluateButtons           USES PIFH PPSH buttonPressedEval buttonReleasedEval 
continueEvalBT            USES buttonPressedEval buttonReleasedEval setMode 
handleBt1                 USES logicBT1 
handleBt2                 USES logicBT2 
handleBt3                 USES logicBT3 
handleBt4                 USES logicBT4 
logicBT1                  USES PPSH buttonReleasedEval buttonPressedEval TCNT 
                                TC1 TC0 
released1                 USES buttonReleasedEval TFLG1 setMode toggleLED 
logicBT2                  USES PPSH buttonReleasedEval buttonPressedEval TCNT 
                                TC3 TC2 
released2                 USES buttonReleasedEval TFLG1 addSecondsSet 
logicBT3                  USES PPSH buttonReleasedEval buttonPressedEval TCNT 
                                TC5 TC4 
released3                 USES buttonReleasedEval TFLG1 addMinutesSet 
logicBT4                  USES PPSH buttonReleasedEval buttonPressedEval TCNT 
                                TC7 TC6 
released4                 USES buttonReleasedEval TFLG1 addHoursSet 
setupTimer                USES TIE TIOS TSCR1 TCTL1 TCTL2 TCTL3 TCTL4 TSCR2 
                                MCCTL MCCNT 
handlePWMITR              USES PIFP 
continueInterruptHandle   USES PIFP 
continueInterruptHandle2  USES PIFP 
handleClockTick           USES PIFP tick displayTimeAndDate 
swapNames                 USES PIFP 
displayName               USES PIFP 
concat2StringsString1LeftBoundedString2RightBoundedForNiceDisplayIGuess USES 
                                SECOND_STRING_ADR 
copySpaces                USES LINE_BUFFER 
start                     USES LINE_BUFFER 
startSecondString         USES SECOND_STRING_ADR 
copySecondString          USES LINE_BUFFER 
cpyLoop                   USES SECOND_STRING_ADR 
displayTemperatureAndTime USES OUTPUTSTRING temp 
                                concat2StringsString1LeftBoundedString2RightBoundedForNiceDisplayIGuess LINE_BUFFER writeLine 
displayTimeAndDate        USES PTH TIME_ZONE 
displayString             USES DAY_STRING DATE_STRING 
                                concat2StringsString1LeftBoundedString2RightBoundedForNiceDisplayIGuess LINE_BUFFER writeLine TIME_ZONE OUTPUTSTRING 
displayAmerican           USES TIME_ZONE 
initADC                   USES temp 
wait1                     USES degree_string decToASCII temp formatString 
initThermo                USES initADC 
updateThermo              USES temp convertADC 
init_intervals            USES CONF_STOP CONF_I0 CONF_I1 DATA_BUFFER HIGHS 
                                TOTAL_POLLS STOP_BIT_FOUND WAIT_FOR_DATA STREAM_POSITION 
                                DATA_STREAM DATE_STRING DAY_STRING 
validOne                  USES putBit 
validZero                 USES putBit 
signalDecoderControl      USES MCFLG pollSignal STOP_BIT_FOUND WAIT_FOR_DATA 
                                TOTAL_POLLS 
testFunction              USES DATA_STREAM evalBits 
jmpDataBuffer             USES checkDataBuffer 
evalWindow                USES HIGHS CONF_I1 CONF_I0 CONF_STOP WAIT_FOR_DATA 
                                evalBits 
resetToDefault            USES STOP_BIT_FOUND DATA_STREAM STREAM_POSITION 
                                resetInterval 
checkForStopBit           USES TOTAL_POLLS HIGHS CONF_STOP STOP_BIT_FOUND 
                                WAIT_FOR_DATA DATA_BUFFER 
jmpResetInterval          USES resetInterval 
returnFromDecoder         USES DATA_BUFFER PTH 
checkDataBuffer           USES TOTAL_POLLS DATA_BUFFER 
count_loop                USES DATA_BUFFER 
finished_counting         USES DATA_BUFFER PTH 
pollSignal                USES PTH HIGHS 
continue                  USES TOTAL_POLLS 
startIntervals            USES HIGHS TOTAL_POLLS WAIT_FOR_DATA 
resetInterval             USES HIGHS TOTAL_POLLS 
putBit                    USES TEMP STREAM_POSITION DATA_STREAM 
continuePutting           USES STREAM_POSITION 
invalidBit                USES resetToDefault 
evalBits                  USES checkDateParity evalMinutes evalHours evalDays 
                                evalDayOfWeek evalYear putCorrectDateAndTime 
evalMinutes               USES DATA_STREAM TEMP 
parity_even_min           USES invalidBit 
parity_odd_min            USES invalidBit 
validBit                  USES DATA_STREAM VALID_MINUTES 
evalHours                 USES DATA_STREAM 
parity_even_hours         USES invalidBit 
parity_odd_hours          USES invalidBit 
validBitH                 USES DATA_STREAM VALID_HOURS 
checkDateParity           USES DATA_STREAM TEMP 
parity_even_date          USES invalidBit 
partiy_odd_date           USES invalidBit 
evalDays                  USES DATA_STREAM VALID_DAYS 
evalDayOfWeek             USES DATA_STREAM DAY_OF_WEEK_AND_MONTH 
evalYear                  USES DATA_STREAM YEAR 
putCorrectDateAndTime     USES convertMinutes convertHours 
convertMinutes            USES VALID_MINUTES 
cont4                     USES VALID_MINUTES 
cont5                     USES VALID_MINUTES 
cont6                     USES VALID_MINUTES 
cont7                     USES VALID_MINUTES 
cont1                     USES VALID_MINUTES 
cont2                     USES VALID_MINUTES 
cont3                     USES MINUTES 
convertHours              USES VALID_HOURS 
cont4H                    USES VALID_HOURS 
cont5H                    USES VALID_HOURS 
cont6H                    USES VALID_HOURS 
cont7H                    USES VALID_HOURS 
cont8H                    USES VALID_HOURS 
cont9H                    USES HOURS 

*********************************************************************************************
DEPENDENCY TREE
*********************************************************************************************
 main and _Startup Group
 | 
 +- main                
 |    
 +- Entry               
    | 
    +- delay_10ms          
    |    
    +- init_intervals      
    |    
    +- initLED             
    |    
    +- initLCD             
    |  | 
    |  +- delay_10ms           (see above)
    |  |  
    |  +- sel_inst            
    |       
    +- initADC             
    |    
    +- setClock            
    |    
    +- setupPWM            
    |    
    +- setupTimer          
         
 _ORG00001           
 | 
 +- handlePWMITR        
      
 _ORG00002           
 | 
 +- signalDecoderControl
    | 
    +- pollSignal          
         
*********************************************************************************************
STATISTIC SECTION
---------------------------------------------------------------------------------------------

ExeFile:
--------
Number of blocks to be downloaded: 5
Total size of all blocks to be downloaded: 2841

